Component: ARM Compiler 5.06 update 6 (build 750) Tool: armlink [4d35ed]

==============================================================================

Section Cross References

    main.o(i.User_notification) refers to stm32f4xx_hal_gpio.o(i.HAL_GPIO_WritePin) for HAL_GPIO_WritePin
    main.o(i.main) refers to memseta.o(.text) for __aeabi_memclr4
    main.o(i.main) refers to stm32f4xx_hal.o(i.HAL_Init) for HAL_Init
    main.o(i.main) refers to nucleo_f429.o(i.SystemClock_Config) for SystemClock_Config
    main.o(i.main) refers to nucleo_f429.o(i.LED_Config) for LED_Config
    main.o(i.main) refers to nucleo_f429.o(i.SwEXTI_Config) for SwEXTI_Config
    main.o(i.main) refers to nucleo_f429.o(i.UART3_Config) for UART3_Config
    main.o(i.main) refers to printf3.o(i.__0printf$3) for __2printf
    main.o(i.main) refers to init.o(i.lwip_init) for lwip_init
    main.o(i.main) refers to netif.o(i.netif_add) for netif_add
    main.o(i.main) refers to netif.o(i.netif_set_default) for netif_set_default
    main.o(i.main) refers to netif.o(i.netif_set_up) for netif_set_up
    main.o(i.main) refers to netif.o(i.netif_set_down) for netif_set_down
    main.o(i.main) refers to main.o(i.User_notification) for User_notification
    main.o(i.main) refers to tcp_echoclient.o(i.tcp_echoclient_connect) for tcp_echoclient_connect
    main.o(i.main) refers to ethernetif.o(i.ethernetif_input) for ethernetif_input
    main.o(i.main) refers to lwip_timers.o(i.sys_check_timeouts) for sys_check_timeouts
    main.o(i.main) refers to strcmp.o(.text) for strcmp
    main.o(i.main) refers to stm32f4xx_hal_gpio.o(i.HAL_GPIO_WritePin) for HAL_GPIO_WritePin
    main.o(i.main) refers to printf3.o(i.__0sprintf$3) for __2sprintf
    main.o(i.main) refers to strncmp.o(.text) for strncmp
    main.o(i.main) refers to stm32f4xx_hal_gpio.o(i.HAL_GPIO_ReadPin) for HAL_GPIO_ReadPin
    main.o(i.main) refers to tcp_echoclient.o(i.message_send_string) for message_send_string
    main.o(i.main) refers to etharp.o(i.ethernet_input) for ethernet_input
    main.o(i.main) refers to ethernetif.o(i.ethernetif_init) for ethernetif_init
    main.o(i.main) refers to main.o(.bss) for .bss
    main.o(i.main) refers to tcp_echoclient.o(.data) for echoclient_pcb
    stm32f4xx_it.o(i.EXTI0_IRQHandler) refers to stm32f4xx_hal_gpio.o(i.HAL_GPIO_EXTI_IRQHandler) for HAL_GPIO_EXTI_IRQHandler
    stm32f4xx_it.o(i.EXTI15_10_IRQHandler) refers to stm32f4xx_hal_gpio.o(i.HAL_GPIO_EXTI_IRQHandler) for HAL_GPIO_EXTI_IRQHandler
    stm32f4xx_it.o(i.EXTI1_IRQHandler) refers to stm32f4xx_hal_gpio.o(i.HAL_GPIO_EXTI_IRQHandler) for HAL_GPIO_EXTI_IRQHandler
    stm32f4xx_it.o(i.EXTI2_IRQHandler) refers to stm32f4xx_hal_gpio.o(i.HAL_GPIO_EXTI_IRQHandler) for HAL_GPIO_EXTI_IRQHandler
    stm32f4xx_it.o(i.EXTI3_IRQHandler) refers to stm32f4xx_hal_gpio.o(i.HAL_GPIO_EXTI_IRQHandler) for HAL_GPIO_EXTI_IRQHandler
    stm32f4xx_it.o(i.SysTick_Handler) refers to stm32f4xx_hal.o(i.HAL_IncTick) for HAL_IncTick
    ethernetif.o(i.HAL_ETH_MspInit) refers to stm32f4xx_hal_gpio.o(i.HAL_GPIO_Init) for HAL_GPIO_Init
    ethernetif.o(i.ethernetif_init) refers to ethernetif.o(i.low_level_init) for low_level_init
    ethernetif.o(i.ethernetif_init) refers to etharp.o(i.etharp_output) for etharp_output
    ethernetif.o(i.ethernetif_init) refers to ethernetif.o(i.low_level_output) for low_level_output
    ethernetif.o(i.ethernetif_input) refers to ethernetif.o(i.low_level_input) for low_level_input
    ethernetif.o(i.ethernetif_input) refers to pbuf.o(i.pbuf_free) for pbuf_free
    ethernetif.o(i.ethernetif_set_link) refers to stm32f4xx_hal_eth.o(i.HAL_ETH_ReadPHYRegister) for HAL_ETH_ReadPHYRegister
    ethernetif.o(i.ethernetif_set_link) refers to netif.o(i.netif_set_link_up) for netif_set_link_up
    ethernetif.o(i.ethernetif_set_link) refers to netif.o(i.netif_set_link_down) for netif_set_link_down
    ethernetif.o(i.ethernetif_set_link) refers to ethernetif.o(.bss) for .bss
    ethernetif.o(i.ethernetif_update_config) refers to stm32f4xx_hal_eth.o(i.HAL_ETH_WritePHYRegister) for HAL_ETH_WritePHYRegister
    ethernetif.o(i.ethernetif_update_config) refers to stm32f4xx_hal.o(i.HAL_GetTick) for HAL_GetTick
    ethernetif.o(i.ethernetif_update_config) refers to stm32f4xx_hal_eth.o(i.HAL_ETH_ReadPHYRegister) for HAL_ETH_ReadPHYRegister
    ethernetif.o(i.ethernetif_update_config) refers to stm32f4xx_hal_eth.o(i.HAL_ETH_ConfigMAC) for HAL_ETH_ConfigMAC
    ethernetif.o(i.ethernetif_update_config) refers to stm32f4xx_hal_eth.o(i.HAL_ETH_Start) for HAL_ETH_Start
    ethernetif.o(i.ethernetif_update_config) refers to stm32f4xx_hal_eth.o(i.HAL_ETH_Stop) for HAL_ETH_Stop
    ethernetif.o(i.ethernetif_update_config) refers to app_ethernet.o(i.ethernetif_notify_conn_changed) for ethernetif_notify_conn_changed
    ethernetif.o(i.ethernetif_update_config) refers to ethernetif.o(.bss) for .bss
    ethernetif.o(i.low_level_init) refers to stm32f4xx_hal_eth.o(i.HAL_ETH_Init) for HAL_ETH_Init
[...]
    .constdata                               0x08006fa0   Section       16  memp.o(.constdata)
    .constdata                               0x08006fb0   Section       16  memp.o(.constdata)
    .constdata                               0x08006fc0   Section       16  memp.o(.constdata)
    .constdata                               0x08006fd0   Section       16  memp.o(.constdata)
    .constdata                               0x08006fe0   Section       16  memp.o(.constdata)
    .constdata                               0x08006ff0   Section       16  memp.o(.constdata)
    .constdata                               0x08007000   Section       16  memp.o(.constdata)
    .constdata                               0x08007010   Section       84  tcp.o(.constdata)
    .constdata                               0x08007064   Section        4  ip4_addr.o(.constdata)
    .constdata                               0x08007068   Section        4  ip4_addr.o(.constdata)
    .constdata                               0x0800706c   Section       12  etharp.o(.constdata)
    .conststring                             0x08007078   Section        8  memp.o(.conststring)
    .conststring                             0x08007080   Section        8  memp.o(.conststring)
    .conststring                             0x08007088   Section       15  memp.o(.conststring)
    .conststring                             0x08007098   Section        8  memp.o(.conststring)
    .conststring                             0x080070a0   Section       10  memp.o(.conststring)
    .conststring                             0x080070ac   Section       10  memp.o(.conststring)
    .conststring                             0x080070b8   Section       12  memp.o(.conststring)
    .conststring                             0x080070c4   Section       13  memp.o(.conststring)
    .conststring                             0x080070d4   Section       10  memp.o(.conststring)
    .conststring                             0x080070e0   Section      109  tcp.o(.conststring)
    .data                                    0x20000000   Section        4  tcp_echoclient.o(.data)
    .data                                    0x20000004   Section        4  stm32f4xx_hal.o(.data)
    .data                                    0x20000008   Section        4  system_stm32f4xx.o(.data)
    .data                                    0x2000000c   Section       12  lwip_timers.o(.data)
    next_timeout                             0x2000000c   Data           4  lwip_timers.o(.data)
    timeouts_last_time                       0x20000010   Data           4  lwip_timers.o(.data)
    tcpip_tcp_timer_active                   0x20000014   Data           4  lwip_timers.o(.data)
    .data                                    0x20000018   Section       12  mem.o(.data)
    ram                                      0x20000018   Data           4  mem.o(.data)
    ram_end                                  0x2000001c   Data           4  mem.o(.data)
    lfree                                    0x20000020   Data           4  mem.o(.data)
    .data                                    0x20000024   Section       36  memp.o(.data)
    .data                                    0x20000048   Section        4  memp.o(.data)
    memp_tab_UDP_PCB                         0x20000048   Data           4  memp.o(.data)
    .data                                    0x2000004c   Section        4  memp.o(.data)
    memp_tab_TCP_PCB                         0x2000004c   Data           4  memp.o(.data)
    .data                                    0x20000050   Section        4  memp.o(.data)
    memp_tab_TCP_PCB_LISTEN                  0x20000050   Data           4  memp.o(.data)
    .data                                    0x20000054   Section        4  memp.o(.data)
    memp_tab_TCP_SEG                         0x20000054   Data           4  memp.o(.data)
    .data                                    0x20000058   Section        4  memp.o(.data)
    memp_tab_REASSDATA                       0x20000058   Data           4  memp.o(.data)
    .data                                    0x2000005c   Section        4  memp.o(.data)
    memp_tab_FRAG_PBUF                       0x2000005c   Data           4  memp.o(.data)
    .data                                    0x20000060   Section        4  memp.o(.data)
    memp_tab_SYS_TIMEOUT                     0x20000060   Data           4  memp.o(.data)
    .data                                    0x20000064   Section        4  memp.o(.data)
    memp_tab_PBUF                            0x20000064   Data           4  memp.o(.data)
    .data                                    0x20000068   Section        4  memp.o(.data)
    memp_tab_PBUF_POOL                       0x20000068   Data           4  memp.o(.data)
    .data                                    0x2000006c   Section       12  netif.o(.data)
    netif_num                                0x2000006c   Data           1  netif.o(.data)
    .data                                    0x20000078   Section       32  tcp.o(.data)
    tcp_timer                                0x20000079   Data           1  tcp.o(.data)
    tcp_timer_ctr                            0x2000007a   Data           1  tcp.o(.data)
    tcp_port                                 0x2000007c   Data           2  tcp.o(.data)
    iss                                      0x20000080   Data           4  tcp.o(.data)
    .data                                    0x20000098   Section       32  tcp_in.o(.data)
    flags                                    0x20000098   Data           1  tcp_in.o(.data)
    recv_flags                               0x20000099   Data           1  tcp_in.o(.data)
    tcphdr_opt1len                           0x2000009a   Data           2  tcp_in.o(.data)
    tcp_optidx                               0x2000009c   Data           2  tcp_in.o(.data)
    tcplen                                   0x2000009e   Data           2  tcp_in.o(.data)
    tcphdr                                   0x200000a0   Data           4  tcp_in.o(.data)
    tcphdr_opt2                              0x200000a4   Data           4  tcp_in.o(.data)
    seqno                                    0x200000a8   Data           4  tcp_in.o(.data)
    ackno                                    0x200000ac   Data           4  tcp_in.o(.data)
    recv_data                                0x200000b0   Data           4  tcp_in.o(.data)
    .data                                    0x200000b8   Section        8  udp.o(.data)
    udp_port                                 0x200000b8   Data           2  udp.o(.data)
    .data                                    0x200000c0   Section        8  dhcp.o(.data)
    dhcp_discover_select_options             0x200000c0   Data           4  dhcp.o(.data)
    xid                                      0x200000c4   Data           4  dhcp.o(.data)
    .data                                    0x200000c8   Section        8  ip_frag.o(.data)
    ip_reass_pbufcount                       0x200000c8   Data           2  ip_frag.o(.data)
    reassdatagrams                           0x200000cc   Data           4  ip_frag.o(.data)
    .data                                    0x200000d0   Section        2  ip4.o(.data)
    ip_id                                    0x200000d0   Data           2  ip4.o(.data)
    .data                                    0x200000d2   Section        1  etharp.o(.data)
    etharp_cached_entry                      0x200000d2   Data           1  etharp.o(.data)
    .data                                    0x200000d4   Section        4  rand.o(.data)
    _rand_state                              0x200000d4   Data           4  rand.o(.data)
    .data                                    0x200000d8   Section        4  strtok.o(.data)
    state                                    0x200000d8   Data           4  strtok.o(.data)
    .data                                    0x200000dc   Section        4  stdout.o(.data)
    .bss                                     0x200000e0   Section      160  main.o(.bss)
    .bss                                     0x20000180   Section    12520  ethernetif.o(.bss)
    .bss                                     0x20003268   Section      100  tcp_echoclient.o(.bss)
    .bss                                     0x200032cc   Section      280  nucleo_f429.o(.bss)
    .bss                                     0x200033e4   Section    10260  mem.o(.bss)
    .bss                                     0x20005bf8   Section      192  memp.o(.bss)
    .bss                                     0x20005cb8   Section     1480  memp.o(.bss)
    .bss                                     0x20006280   Section      168  memp.o(.bss)
    .bss                                     0x20006328   Section      240  memp.o(.bss)
    .bss                                     0x20006418   Section      160  memp.o(.bss)
    .bss                                     0x200064b8   Section      360  memp.o(.bss)
    .bss                                     0x20006620   Section      160  memp.o(.bss)
    .bss                                     0x200066c0   Section      160  memp.o(.bss)
    .bss                                     0x20006760   Section     6336  memp.o(.bss)
    .bss                                     0x20008020   Section       20  tcp_in.o(.bss)
    inseg                                    0x20008020   Data          20  tcp_in.o(.bss)
    .bss                                     0x20008034   Section       24  ip4.o(.bss)
    .bss                                     0x2000804c   Section      240  etharp.o(.bss)
    arp_table                                0x2000804c   Data         240  etharp.o(.bss)
    STACK                                    0x20008140   Section     1024  startup_stm32f429xx.o(STACK)

    Global Symbols

    Symbol Name                              Value     Ov Type        Size  Object(Section)

    BuildAttributes$$THM_ISAv4$E$P$D$K$B$S$7EM$VFPi3$EXTD16$VFPS$VFMA$PE$A:L22UL41UL21$X:L11$S22US41US21$IEEE1$IW$USESV6$~STKCKD$USESV7$~SHL$OSPACE$ROPI$EBA8$MICROLIB$REQ8$PRES8$EABIv2 0x00000000   Number         0  anon$$obj.o ABSOLUTE
    __ARM_use_no_argv                        0x00000000   Number         0  main.o ABSOLUTE
    _printf_a                                0x00000000   Number         0  stubs.o ABSOLUTE
    _printf_c                                0x00000000   Number         0  stubs.o ABSOLUTE
    _printf_charcount                        0x00000000   Number         0  stubs.o ABSOLUTE
    _printf_d                                0x00000000   Number         0  stubs.o ABSOLUTE
    _printf_e                                0x00000000   Number         0  stubs.o ABSOLUTE
    _printf_f                                0x00000000   Number         0  stubs.o ABSOLUTE
    _printf_flags                            0x00000000   Number         0  stubs.o ABSOLUTE
    _printf_fp_dec                           0x00000000   Number         0  stubs.o ABSOLUTE
    _printf_fp_hex                           0x00000000   Number         0  stubs.o ABSOLUTE
    _printf_g                                0x00000000   Number         0  stubs.o ABSOLUTE
    _printf_i                                0x00000000   Number         0  stubs.o ABSOLUTE
    _printf_int_dec                          0x00000000   Number         0  stubs.o ABSOLUTE
    _printf_l                                0x00000000   Number         0  stubs.o ABSOLUTE
    _printf_lc                               0x00000000   Number         0  stubs.o ABSOLUTE
    _printf_ll                               0x00000000   Number         0  stubs.o ABSOLUTE
    _printf_lld                              0x00000000   Number         0  stubs.o ABSOLUTE
    _printf_lli                              0x00000000   Number         0  stubs.o ABSOLUTE
    _printf_llo                              0x00000000   Number         0  stubs.o ABSOLUTE
    _printf_llu                              0x00000000   Number         0  stubs.o ABSOLUTE
    _printf_llx                              0x00000000   Number         0  stubs.o ABSOLUTE
    _printf_longlong_dec                     0x00000000   Number         0  stubs.o ABSOLUTE
    _printf_longlong_hex                     0x00000000   Number         0  stubs.o ABSOLUTE
    _printf_longlong_oct                     0x00000000   Number         0  stubs.o ABSOLUTE
    _printf_ls                               0x00000000   Number         0  stubs.o ABSOLUTE
    _printf_mbtowc                           0x00000000   Number         0  stubs.o ABSOLUTE
    _printf_n                                0x00000000   Number         0  stubs.o ABSOLUTE
    _printf_o                                0x00000000   Number         0  stubs.o ABSOLUTE
    _printf_p                                0x00000000   Number         0  stubs.o ABSOLUTE
    _printf_percent                          0x00000000   Number         0  stubs.o ABSOLUTE
    _printf_pre_padding                      0x00000000   Number         0  stubs.o ABSOLUTE
    _printf_return_value                     0x00000000   Number         0  stubs.o ABSOLUTE
    _printf_s                                0x00000000   Number         0  stubs.o ABSOLUTE
    _printf_sizespec                         0x00000000   Number         0  stubs.o ABSOLUTE
    _printf_str                              0x00000000   Number         0  stubs.o ABSOLUTE
    _printf_truncate_signed                  0x00000000   Number         0  stubs.o ABSOLUTE
    _printf_truncate_unsigned                0x00000000   Number         0  stubs.o ABSOLUTE
    _printf_u                                0x00000000   Number         0  stubs.o ABSOLUTE
    _printf_wc                               0x00000000   Number         0  stubs.o ABSOLUTE
    _printf_wctomb                           0x00000000   Number         0  stubs.o ABSOLUTE
    _printf_widthprec                        0x00000000   Number         0  stubs.o ABSOLUTE
    _printf_x                                0x00000000   Number         0  stubs.o ABSOLUTE
    __cpp_initialize__aeabi_                  - Undefined Weak Reference
    __cxa_finalize                            - Undefined Weak Reference
    __decompress                              - Undefined Weak Reference
    _clock_init                               - Undefined Weak Reference
    _microlib_exit                            - Undefined Weak Reference
    __Vectors_Size                           0x000001ac   Number         0  startup_stm32f429xx.o ABSOLUTE
    __Vectors                                0x08000000   Data           4  startup_stm32f429xx.o(RESET)
    __Vectors_End                            0x080001ac   Data           0  startup_stm32f429xx.o(RESET)
    __main                                   0x080001ad   Thumb Code     0  entry.o(.ARM.Collect$$$$00000000)
    _main_stk                                0x080001ad   Thumb Code     0  entry2.o(.ARM.Collect$$$$00000001)
    _main_scatterload                        0x080001b1   Thumb Code     0  entry5.o(.ARM.Collect$$$$00000004)
    __main_after_scatterload                 0x080001b5   Thumb Code     0  entry5.o(.ARM.Collect$$$$00000004)
    _main_clock                              0x080001b5   Thumb Code     0  entry7b.o(.ARM.Collect$$$$00000008)
    _main_cpp_init                           0x080001b5   Thumb Code     0  entry8b.o(.ARM.Collect$$$$0000000A)
    _main_init                               0x080001b5   Thumb Code     0  entry9a.o(.ARM.Collect$$$$0000000B)
    __rt_final_cpp                           0x080001bd   Thumb Code     0  entry10a.o(.ARM.Collect$$$$0000000D)
    __rt_final_exit                          0x080001bd   Thumb Code     0  entry11a.o(.ARM.Collect$$$$0000000F)
    Reset_Handler                            0x080001c1   Thumb Code     8  startup_stm32f429xx.o(.text)
    ADC_IRQHandler                           0x080001db   Thumb Code     0  startup_stm32f429xx.o(.text)
    CAN1_RX0_IRQHandler                      0x080001db   Thumb Code     0  startup_stm32f429xx.o(.text)
    CAN1_RX1_IRQHandler                      0x080001db   Thumb Code     0  startup_stm32f429xx.o(.text)
    CAN1_SCE_IRQHandler                      0x080001db   Thumb Code     0  startup_stm32f429xx.o(.text)
    CAN1_TX_IRQHandler                       0x080001db   Thumb Code     0  startup_stm32f429xx.o(.text)
    CAN2_RX0_IRQHandler                      0x080001db   Thumb Code     0  startup_stm32f429xx.o(.text)
    CAN2_RX1_IRQHandler                      0x080001db   Thumb Code     0  startup_stm32f429xx.o(.text)
    CAN2_SCE_IRQHandler                      0x080001db   Thumb Code     0  startup_stm32f429xx.o(.text)
    CAN2_TX_IRQHandler                       0x080001db   Thumb Code     0  startup_stm32f429xx.o(.text)
    DCMI_IRQHandler                          0x080001db   Thumb Code     0  startup_stm32f429xx.o(.text)
    DMA1_Stream0_IRQHandler                  0x080001db   Thumb Code     0  startup_stm32f429xx.o(.text)
    DMA1_Stream1_IRQHandler                  0x080001db   Thumb Code     0  startup_stm32f429xx.o(.text)
    DMA1_Stream2_IRQHandler                  0x080001db   Thumb Code     0  startup_stm32f429xx.o(.text)
    DMA1_Stream3_IRQHandler                  0x080001db   Thumb Code     0  startup_stm32f429xx.o(.text)
    DMA1_Stream4_IRQHandler                  0x080001db   Thumb Code     0  startup_stm32f429xx.o(.text)
    DMA1_Stream5_IRQHandler                  0x080001db   Thumb Code     0  startup_stm32f429xx.o(.text)
    DMA1_Stream6_IRQHandler                  0x080001db   Thumb Code     0  startup_stm32f429xx.o(.text)
    DMA1_Stream7_IRQHandler                  0x080001db   Thumb Code     0  startup_stm32f429xx.o(.text)
    DMA2D_IRQHandler                         0x080001db   Thumb Code     0  startup_stm32f429xx.o(.text)
    DMA2_Stream0_IRQHandler                  0x080001db   Thumb Code     0  startup_stm32f429xx.o(.text)
    DMA2_Stream1_IRQHandler                  0x080001db   Thumb Code     0  startup_stm32f429xx.o(.text)
    DMA2_Stream2_IRQHandler                  0x080001db   Thumb Code     0  startup_stm32f429xx.o(.text)
    DMA2_Stream3_IRQHandler                  0x080001db   Thumb Code     0  startup_stm32f429xx.o(.text)
    DMA2_Stream4_IRQHandler                  0x080001db   Thumb Code     0  startup_stm32f429xx.o(.text)
    DMA2_Stream5_IRQHandler                  0x080001db   Thumb Code     0  startup_stm32f429xx.o(.text)
    DMA2_Stream6_IRQHandler                  0x080001db   Thumb Code     0  startup_stm32f429xx.o(.text)
    DMA2_Stream7_IRQHandler                  0x080001db   Thumb Code     0  startup_stm32f429xx.o(.text)
    ETH_IRQHandler                           0x080001db   Thumb Code     0  startup_stm32f429xx.o(.text)
    ETH_WKUP_IRQHandler                      0x080001db   Thumb Code     0  startup_stm32f429xx.o(.text)
    EXTI4_IRQHandler                         0x080001db   Thumb Code     0  startup_stm32f429xx.o(.text)
    EXTI9_5_IRQHandler                       0x080001db   Thumb Code     0  startup_stm32f429xx.o(.text)
    FLASH_IRQHandler                         0x080001db   Thumb Code     0  startup_stm32f429xx.o(.text)
    FMC_IRQHandler                           0x080001db   Thumb Code     0  startup_stm32f429xx.o(.text)
    FPU_IRQHandler                           0x080001db   Thumb Code     0  startup_stm32f429xx.o(.text)
    HASH_RNG_IRQHandler                      0x080001db   Thumb Code     0  startup_stm32f429xx.o(.text)
    I2C1_ER_IRQHandler                       0x080001db   Thumb Code     0  startup_stm32f429xx.o(.text)
    I2C1_EV_IRQHandler                       0x080001db   Thumb Code     0  startup_stm32f429xx.o(.text)
    I2C2_ER_IRQHandler                       0x080001db   Thumb Code     0  startup_stm32f429xx.o(.text)
    I2C2_EV_IRQHandler                       0x080001db   Thumb Code     0  startup_stm32f429xx.o(.text)
    I2C3_ER_IRQHandler                       0x080001db   Thumb Code     0  startup_stm32f429xx.o(.text)
    I2C3_EV_IRQHandler                       0x080001db   Thumb Code     0  startup_stm32f429xx.o(.text)
    LTDC_ER_IRQHandler                       0x080001db   Thumb Code     0  startup_stm32f429xx.o(.text)
    LTDC_IRQHandler                          0x080001db   Thumb Code     0  startup_stm32f429xx.o(.text)
    OTG_FS_IRQHandler                        0x080001db   Thumb Code     0  startup_stm32f429xx.o(.text)
    OTG_FS_WKUP_IRQHandler                   0x080001db   Thumb Code     0  startup_stm32f429xx.o(.text)
    OTG_HS_EP1_IN_IRQHandler                 0x080001db   Thumb Code     0  startup_stm32f429xx.o(.text)
    OTG_HS_EP1_OUT_IRQHandler                0x080001db   Thumb Code     0  startup_stm32f429xx.o(.text)
    OTG_HS_IRQHandler                        0x080001db   Thumb Code     0  startup_stm32f429xx.o(.text)
    OTG_HS_WKUP_IRQHandler                   0x080001db   Thumb Code     0  startup_stm32f429xx.o(.text)
    PVD_IRQHandler                           0x080001db   Thumb Code     0  startup_stm32f429xx.o(.text)
    RCC_IRQHandler                           0x080001db   Thumb Code     0  startup_stm32f429xx.o(.text)
    RTC_Alarm_IRQHandler                     0x080001db   Thumb Code     0  startup_stm32f429xx.o(.text)
    RTC_WKUP_IRQHandler                      0x080001db   Thumb Code     0  startup_stm32f429xx.o(.text)
    SAI1_IRQHandler                          0x080001db   Thumb Code     0  startup_stm32f429xx.o(.text)
    SDIO_IRQHandler                          0x080001db   Thumb Code     0  startup_stm32f429xx.o(.text)
    SPI1_IRQHandler                          0x080001db   Thumb Code     0  startup_stm32f429xx.o(.text)
    SPI2_IRQHandler                          0x080001db   Thumb Code     0  startup_stm32f429xx.o(.text)
    SPI3_IRQHandler                          0x080001db   Thumb Code     0  startup_stm32f429xx.o(.text)
    SPI4_IRQHandler                          0x080001db   Thumb Code     0  startup_stm32f429xx.o(.text)
    SPI5_IRQHandler                          0x080001db   Thumb Code     0  startup_stm32f429xx.o(.text)
    SPI6_IRQHandler                          0x080001db   Thumb Code     0  startup_stm32f429xx.o(.text)
    TAMP_STAMP_IRQHandler                    0x080001db   Thumb Code     0  startup_stm32f429xx.o(.text)
    TIM1_BRK_TIM9_IRQHandler                 0x080001db   Thumb Code     0  startup_stm32f429xx.o(.text)
    TIM1_CC_IRQHandler                       0x080001db   Thumb Code     0  startup_stm32f429xx.o(.text)
    TIM1_TRG_COM_TIM11_IRQHandler            0x080001db   Thumb Code     0  startup_stm32f429xx.o(.text)
    TIM1_UP_TIM10_IRQHandler                 0x080001db   Thumb Code     0  startup_stm32f429xx.o(.text)
    TIM2_IRQHandler                          0x080001db   Thumb Code     0  startup_stm32f429xx.o(.text)
    TIM3_IRQHandler                          0x080001db   Thumb Code     0  startup_stm32f429xx.o(.text)
    TIM4_IRQHandler                          0x080001db   Thumb Code     0  startup_stm32f429xx.o(.text)
    TIM5_IRQHandler                          0x080001db   Thumb Code     0  startup_stm32f429xx.o(.text)
    TIM6_DAC_IRQHandler                      0x080001db   Thumb Code     0  startup_stm32f429xx.o(.text)
    TIM7_IRQHandler                          0x080001db   Thumb Code     0  startup_stm32f429xx.o(.text)
    TIM8_BRK_TIM12_IRQHandler                0x080001db   Thumb Code     0  startup_stm32f429xx.o(.text)
    TIM8_CC_IRQHandler                       0x080001db   Thumb Code     0  startup_stm32f429xx.o(.text)
    TIM8_TRG_COM_TIM14_IRQHandler            0x080001db   Thumb Code     0  startup_stm32f429xx.o(.text)
    TIM8_UP_TIM13_IRQHandler                 0x080001db   Thumb Code     0  startup_stm32f429xx.o(.text)
    UART4_IRQHandler                         0x080001db   Thumb Code     0  startup_stm32f429xx.o(.text)
    UART5_IRQHandler                         0x080001db   Thumb Code     0  startup_stm32f429xx.o(.text)
    UART7_IRQHandler                         0x080001db   Thumb Code     0  startup_stm32f429xx.o(.text)
    UART8_IRQHandler                         0x080001db   Thumb Code     0  startup_stm32f429xx.o(.text)
    USART1_IRQHandler                        0x080001db   Thumb Code     0  startup_stm32f429xx.o(.text)
    USART2_IRQHandler                        0x080001db   Thumb Code     0  startup_stm32f429xx.o(.text)
    USART3_IRQHandler                        0x080001db   Thumb Code     0  startup_stm32f429xx.o(.text)
    USART6_IRQHandler                        0x080001db   Thumb Code     0  startup_stm32f429xx.o(.text)
    WWDG_IRQHandler                          0x080001db   Thumb Code     0  startup_stm32f429xx.o(.text)
    rand                                     0x080001e5   Thumb Code    20  rand.o(.text)
    srand                                    0x080001f9   Thumb Code     6  rand.o(.text)
    __aeabi_memcpy                           0x08000209   Thumb Code    36  memcpya.o(.text)
    __aeabi_memcpy4                          0x08000209   Thumb Code     0  memcpya.o(.text)
    __aeabi_memcpy8                          0x08000209   Thumb Code     0  memcpya.o(.text)
    __aeabi_memset                           0x0800022d   Thumb Code    14  memseta.o(.text)
    __aeabi_memset4                          0x0800022d   Thumb Code     0  memseta.o(.text)
    __aeabi_memset8                          0x0800022d   Thumb Code     0  memseta.o(.text)
    __aeabi_memclr                           0x0800023b   Thumb Code     4  memseta.o(.text)
    __aeabi_memclr4                          0x0800023b   Thumb Code     0  memseta.o(.text)
    __aeabi_memclr8                          0x0800023b   Thumb Code     0  memseta.o(.text)
    _memset$wrapper                          0x0800023f   Thumb Code    18  memseta.o(.text)
    strncpy                                  0x08000251   Thumb Code    24  strncpy.o(.text)
    strlen                                   0x08000269   Thumb Code    14  strlen.o(.text)
    strcmp                                   0x08000277   Thumb Code    28  strcmp.o(.text)
    memcmp                                   0x08000293   Thumb Code    26  memcmp.o(.text)
    strcpy                                   0x080002ad   Thumb Code    18  strcpy.o(.text)
    strncmp                                  0x080002bf   Thumb Code    30  strncmp.o(.text)
    strtok                                   0x080002dd   Thumb Code    62  strtok.o(.text)
    __aeabi_uidiv                            0x08000321   Thumb Code     0  uidiv.o(.text)
    __aeabi_uidivmod                         0x08000321   Thumb Code    44  uidiv.o(.text)
    __scatterload                            0x0800034d   Thumb Code    28  init.o(.text)
    __scatterload_rt2                        0x0800034d   Thumb Code     0  init.o(.text)
    BusFault_Handler                         0x08000371   Thumb Code     2  stm32f4xx_it.o(i.BusFault_Handler)
    DebugMon_Handler                         0x08000373   Thumb Code     2  stm32f4xx_it.o(i.DebugMon_Handler)
    EXTI0_IRQHandler                         0x080004e9   Thumb Code     6  stm32f4xx_it.o(i.EXTI0_IRQHandler)
    EXTI15_10_IRQHandler                     0x080004ef   Thumb Code     8  stm32f4xx_it.o(i.EXTI15_10_IRQHandler)
    EXTI1_IRQHandler                         0x080004f7   Thumb Code     6  stm32f4xx_it.o(i.EXTI1_IRQHandler)
    EXTI2_IRQHandler                         0x080004fd   Thumb Code     6  stm32f4xx_it.o(i.EXTI2_IRQHandler)
    EXTI3_IRQHandler                         0x08000503   Thumb Code     6  stm32f4xx_it.o(i.EXTI3_IRQHandler)
    HAL_Delay                                0x08000509   Thumb Code    22  stm32f4xx_hal.o(i.HAL_Delay)
    HAL_ETH_DMARxDescListInit                0x0800051f   Thumb Code   116  stm32f4xx_hal_eth.o(i.HAL_ETH_DMARxDescListInit)
    HAL_ETH_DMATxDescListInit                0x08000593   Thumb Code   120  stm32f4xx_hal_eth.o(i.HAL_ETH_DMATxDescListInit)
    HAL_ETH_GetReceivedFrame                 0x0800060b   Thumb Code   122  stm32f4xx_hal_eth.o(i.HAL_ETH_GetReceivedFrame)
    HAL_ETH_Init                             0x08000685   Thumb Code   450  stm32f4xx_hal_eth.o(i.HAL_ETH_Init)
    HAL_ETH_MspInit                          0x08000871   Thumb Code   190  ethernetif.o(i.HAL_ETH_MspInit)
    HAL_ETH_ReadPHYRegister                  0x08000945   Thumb Code   132  stm32f4xx_hal_eth.o(i.HAL_ETH_ReadPHYRegister)
    HAL_ETH_Start                            0x080009c9   Thumb Code   132  stm32f4xx_hal_eth.o(i.HAL_ETH_Start)
    HAL_ETH_TransmitFrame                    0x08000a4d   Thumb Code   264  stm32f4xx_hal_eth.o(i.HAL_ETH_TransmitFrame)
    HAL_ETH_WritePHYRegister                 0x08000b55   Thumb Code   120  stm32f4xx_hal_eth.o(i.HAL_ETH_WritePHYRegister)
    HAL_GPIO_EXTI_Callback                   0x08000bcd   Thumb Code    26  tcp_echoclient.o(i.HAL_GPIO_EXTI_Callback)
    HAL_GPIO_EXTI_IRQHandler                 0x08000bed   Thumb Code    18  stm32f4xx_hal_gpio.o(i.HAL_GPIO_EXTI_IRQHandler)
    HAL_GPIO_Init                            0x08000c05   Thumb Code   408  stm32f4xx_hal_gpio.o(i.HAL_GPIO_Init)
    HAL_GPIO_ReadPin                         0x08000dd1   Thumb Code    10  stm32f4xx_hal_gpio.o(i.HAL_GPIO_ReadPin)
    HAL_GPIO_WritePin                        0x08000ddb   Thumb Code    10  stm32f4xx_hal_gpio.o(i.HAL_GPIO_WritePin)
    HAL_GetTick                              0x08000de5   Thumb Code     6  stm32f4xx_hal.o(i.HAL_GetTick)
    HAL_IncTick                              0x08000df1   Thumb Code    10  stm32f4xx_hal.o(i.HAL_IncTick)
    HAL_Init                                 0x08000e01   Thumb Code    48  stm32f4xx_hal.o(i.HAL_Init)
    HAL_InitTick                             0x08000e35   Thumb Code    34  stm32f4xx_hal.o(i.HAL_InitTick)
    HAL_MspInit                              0x08000e5d   Thumb Code     2  stm32f4xx_hal_msp_template.o(i.HAL_MspInit)
    HAL_NVIC_EnableIRQ                       0x08000e5f   Thumb Code    26  stm32f4xx_hal_cortex.o(i.HAL_NVIC_EnableIRQ)
    HAL_NVIC_SetPriority                     0x08000e79   Thumb Code    60  stm32f4xx_hal_cortex.o(i.HAL_NVIC_SetPriority)
    HAL_NVIC_SetPriorityGrouping             0x08000eb9   Thumb Code    26  stm32f4xx_hal_cortex.o(i.HAL_NVIC_SetPriorityGrouping)
    HAL_PWREx_EnableOverDrive                0x08000edd   Thumb Code   126  stm32f4xx_hal_pwr_ex.o(i.HAL_PWREx_EnableOverDrive)
    HAL_RCC_ClockConfig                      0x08000f69   Thumb Code   364  stm32f4xx_hal_rcc.o(i.HAL_RCC_ClockConfig)
    HAL_RCC_GetHCLKFreq                      0x080010e5   Thumb Code     6  stm32f4xx_hal_rcc.o(i.HAL_RCC_GetHCLKFreq)
    HAL_RCC_GetPCLK1Freq                     0x080010f1   Thumb Code    34  stm32f4xx_hal_rcc.o(i.HAL_RCC_GetPCLK1Freq)
    HAL_RCC_GetPCLK2Freq                     0x08001121   Thumb Code    34  stm32f4xx_hal_rcc.o(i.HAL_RCC_GetPCLK2Freq)
    HAL_RCC_GetSysClockFreq                  0x08001151   Thumb Code   104  stm32f4xx_hal_rcc.o(i.HAL_RCC_GetSysClockFreq)
    HAL_RCC_OscConfig                        0x080011c1   Thumb Code   722  stm32f4xx_hal_rcc.o(i.HAL_RCC_OscConfig)
    HAL_SYSTICK_Config                       0x080014a5   Thumb Code    40  stm32f4xx_hal_cortex.o(i.HAL_SYSTICK_Config)
    HAL_UART_Init                            0x080014cd   Thumb Code    98  stm32f4xx_hal_uart.o(i.HAL_UART_Init)
    HAL_UART_MspInit                         0x0800152f   Thumb Code     2  stm32f4xx_hal_uart.o(i.HAL_UART_MspInit)
    HAL_UART_Transmit                        0x08001531   Thumb Code   186  stm32f4xx_hal_uart.o(i.HAL_UART_Transmit)
    HardFault_Handler                        0x080015eb   Thumb Code     2  stm32f4xx_it.o(i.HardFault_Handler)
    LED_Config                               0x080015ed   Thumb Code    82  nucleo_f429.o(i.LED_Config)
    MemManage_Handler                        0x08001651   Thumb Code     2  stm32f4xx_it.o(i.MemManage_Handler)
    NMI_Handler                              0x08001653   Thumb Code     2  stm32f4xx_it.o(i.NMI_Handler)
    PendSV_Handler                           0x08001655   Thumb Code     2  stm32f4xx_it.o(i.PendSV_Handler)
    SVC_Handler                              0x08001657   Thumb Code     2  stm32f4xx_it.o(i.SVC_Handler)
    SwEXTI_Config                            0x08001659   Thumb Code   166  nucleo_f429.o(i.SwEXTI_Config)
    SysTick_Handler                          0x08001715   Thumb Code     4  stm32f4xx_it.o(i.SysTick_Handler)
    SystemClock_Config                       0x08001719   Thumb Code   114  nucleo_f429.o(i.SystemClock_Config)
    SystemInit                               0x08001795   Thumb Code    66  system_stm32f4xx.o(i.SystemInit)
    UART3_Config                             0x080017e9   Thumb Code   138  nucleo_f429.o(i.UART3_Config)
    UsageFault_Handler                       0x08001b95   Thumb Code     2  stm32f4xx_it.o(i.UsageFault_Handler)
    User_notification                        0x08001b99   Thumb Code    50  main.o(i.User_notification)
    __0printf$3                              0x08001bd5   Thumb Code    22  printf3.o(i.__0printf$3)
    __1printf$3                              0x08001bd5   Thumb Code     0  printf3.o(i.__0printf$3)
    __2printf                                0x08001bd5   Thumb Code     0  printf3.o(i.__0printf$3)
    __0sprintf$3                             0x08001bf5   Thumb Code    34  printf3.o(i.__0sprintf$3)
    __1sprintf$3                             0x08001bf5   Thumb Code     0  printf3.o(i.__0sprintf$3)
    __2sprintf                               0x08001bf5   Thumb Code     0  printf3.o(i.__0sprintf$3)
    __scatterload_copy                       0x08001c3d   Thumb Code    14  handlers.o(i.__scatterload_copy)
    __scatterload_null                       0x08001c4b   Thumb Code     2  handlers.o(i.__scatterload_null)
    __scatterload_zeroinit                   0x08001c4d   Thumb Code    14  handlers.o(i.__scatterload_zeroinit)
    dhcp_arp_reply                           0x08001e3d   Thumb Code    30  dhcp.o(i.dhcp_arp_reply)
    dhcp_coarse_tmr                          0x08001f69   Thumb Code   172  dhcp.o(i.dhcp_coarse_tmr)
    dhcp_fine_tmr                            0x080022ad   Thumb Code    46  dhcp.o(i.dhcp_fine_tmr)
    dhcp_release                             0x080024d1   Thumb Code   158  dhcp.o(i.dhcp_release)
    dhcp_renew                               0x08002575   Thumb Code   136  dhcp.o(i.dhcp_renew)
    dhcp_supplied_address                    0x08002701   Thumb Code    24  dhcp.o(i.dhcp_supplied_address)
    etharp_cleanup_netif                     0x08002891   Thumb Code    42  etharp.o(i.etharp_cleanup_netif)
    etharp_output                            0x080029d9   Thumb Code   238  etharp.o(i.etharp_output)
    etharp_query                             0x08002b31   Thumb Code   226  etharp.o(i.etharp_query)
    etharp_request                           0x08002cbd   Thumb Code     6  etharp.o(i.etharp_request)
    etharp_tmr                               0x08002d09   Thumb Code    92  etharp.o(i.etharp_tmr)
    ethernet_input                           0x08002de9   Thumb Code   144  etharp.o(i.ethernet_input)
    ethernetif_init                          0x08002e7d   Thumb Code    30  ethernetif.o(i.ethernetif_init)
    ethernetif_input                         0x08002ea5   Thumb Code    34  ethernetif.o(i.ethernetif_input)
    fputc                                    0x08002ec9   Thumb Code    18  nucleo_f429.o(i.fputc)
    icmp_dest_unreach                        0x08002ee1   Thumb Code     8  icmp.o(i.icmp_dest_unreach)
    icmp_input                               0x08002ee9   Thumb Code   232  icmp.o(i.icmp_input)
    icmp_time_exceeded                       0x08003041   Thumb Code     8  icmp.o(i.icmp_time_exceeded)
    inet_chksum_pbuf                         0x08003049   Thumb Code    72  inet_chksum.o(i.inet_chksum_pbuf)
    ip4_addr_isbroadcast_u32                 0x08003091   Thumb Code    46  ip4_addr.o(i.ip4_addr_isbroadcast_u32)
    ip4_frag                                 0x080030c1   Thumb Code   338  ip_frag.o(i.ip4_frag)
    ip4_input                                0x08003219   Thumb Code   392  ip4.o(i.ip4_input)
    ip4_output_if                            0x080033a9   Thumb Code    30  ip4.o(i.ip4_output_if)
    ip4_output_if_src                        0x080033c9   Thumb Code   160  ip4.o(i.ip4_output_if_src)
    ip4_reass                                0x08003471   Thumb Code   396  ip_frag.o(i.ip4_reass)
    ip4_route                                0x08003601   Thumb Code    82  ip4.o(i.ip4_route)
    ip_reass_tmr                             0x08003881   Thumb Code    40  ip_frag.o(i.ip_reass_tmr)
    key_send                                 0x080038c5   Thumb Code   100  tcp_echoclient.o(i.key_send)
    lwip_htonl                               0x08003b6d   Thumb Code     4  def.o(i.lwip_htonl)
    lwip_htons                               0x08003b71   Thumb Code     4  def.o(i.lwip_htons)
    lwip_init                                0x08003b75   Thumb Code    30  init.o(i.lwip_init)
    lwip_ntohl                               0x08003b93   Thumb Code     4  def.o(i.lwip_ntohl)
    lwip_ntohs                               0x08003b97   Thumb Code     4  def.o(i.lwip_ntohs)
    lwip_standard_chksum                     0x08003b9d   Thumb Code    88  inet_chksum.o(i.lwip_standard_chksum)
    main                                     0x08003bf5   Thumb Code   472  main.o(i.main)
    mem_free                                 0x08003e79   Thumb Code    40  mem.o(i.mem_free)
    mem_init                                 0x08003ea5   Thumb Code    42  mem.o(i.mem_init)
    mem_malloc                               0x08003ed9   Thumb Code   162  mem.o(i.mem_malloc)
    mem_trim                                 0x08003f81   Thumb Code   200  mem.o(i.mem_trim)
    memp_free                                0x0800404d   Thumb Code    16  memp.o(i.memp_free)
    memp_init                                0x08004061   Thumb Code    34  memp.o(i.memp_init)
    memp_init_pool                           0x08004089   Thumb Code    42  memp.o(i.memp_init_pool)
    memp_malloc                              0x080040b5   Thumb Code    18  memp.o(i.memp_malloc)
    memp_malloc_pool                         0x080040cd   Thumb Code    14  memp.o(i.memp_malloc_pool)
    message_send_string                      0x080040dd   Thumb Code    76  tcp_echoclient.o(i.message_send_string)
    netif_add                                0x0800412d   Thumb Code    80  netif.o(i.netif_add)
    netif_init                               0x08004181   Thumb Code     2  netif.o(i.netif_init)
    netif_set_addr                           0x0800419d   Thumb Code    32  netif.o(i.netif_set_addr)
    netif_set_default                        0x080041bd   Thumb Code     6  netif.o(i.netif_set_default)
    netif_set_down                           0x080041c9   Thumb Code    26  netif.o(i.netif_set_down)
    netif_set_gw                             0x080041e3   Thumb Code     8  netif.o(i.netif_set_gw)
    netif_set_ipaddr                         0x080041ed   Thumb Code    62  netif.o(i.netif_set_ipaddr)
    netif_set_netmask                        0x08004231   Thumb Code     8  netif.o(i.netif_set_netmask)
    netif_set_up                             0x08004239   Thumb Code    28  netif.o(i.netif_set_up)
    pbuf_alloc                               0x08004255   Thumb Code   276  pbuf.o(i.pbuf_alloc)
    pbuf_alloced_custom                      0x08004369   Thumb Code    82  pbuf.o(i.pbuf_alloced_custom)
    pbuf_cat                                 0x080043bb   Thumb Code    40  pbuf.o(i.pbuf_cat)
    pbuf_chain                               0x080043e3   Thumb Code    18  pbuf.o(i.pbuf_chain)
    pbuf_clen                                0x080043f5   Thumb Code    18  pbuf.o(i.pbuf_clen)
    pbuf_copy                                0x08004407   Thumb Code   154  pbuf.o(i.pbuf_copy)
    pbuf_copy_partial                        0x080044a1   Thumb Code   104  pbuf.o(i.pbuf_copy_partial)
    pbuf_free                                0x08004509   Thumb Code    80  pbuf.o(i.pbuf_free)
    pbuf_header                              0x08004559   Thumb Code     6  pbuf.o(i.pbuf_header)
    pbuf_header_force                        0x0800455f   Thumb Code     6  pbuf.o(i.pbuf_header_force)
    pbuf_realloc                             0x080045c9   Thumb Code    84  pbuf.o(i.pbuf_realloc)
    pbuf_ref                                 0x0800461d   Thumb Code    12  pbuf.o(i.pbuf_ref)
    pbuf_take                                0x08004629   Thumb Code    82  pbuf.o(i.pbuf_take)
    sys_check_timeouts                       0x080046d1   Thumb Code    68  lwip_timers.o(i.sys_check_timeouts)
    sys_now                                  0x08004719   Thumb Code     4  ethernetif.o(i.sys_now)
    sys_timeout                              0x0800471d   Thumb Code   126  lwip_timers.o(i.sys_timeout)
    sys_timeouts_init                        0x080047a1   Thumb Code    58  lwip_timers.o(i.sys_timeouts_init)
    tcp_abandon                              0x080047f1   Thumb Code   198  tcp.o(i.tcp_abandon)
    tcp_abort                                0x080048bd   Thumb Code     6  tcp.o(i.tcp_abort)
    tcp_alloc                                0x080048c5   Thumb Code   270  tcp.o(i.tcp_alloc)
    tcp_arg                                  0x080049e1   Thumb Code     4  tcp.o(i.tcp_arg)
    tcp_close                                0x080049e5   Thumb Code    20  tcp.o(i.tcp_close)
    tcp_connect                              0x08004b39   Thumb Code   226  tcp.o(i.tcp_connect)
    tcp_echoclient_connect                   0x08004cbd   Thumb Code    46  tcp_echoclient.o(i.tcp_echoclient_connect)
    tcp_eff_send_mss_impl                    0x08004f67   Thumb Code    34  tcp.o(i.tcp_eff_send_mss_impl)
    tcp_enqueue_flags                        0x08004f89   Thumb Code   162  tcp_out.o(i.tcp_enqueue_flags)
    tcp_fasttmr                              0x0800502d   Thumb Code    90  tcp.o(i.tcp_fasttmr)
    tcp_init                                 0x080050bd   Thumb Code     2  tcp.o(i.tcp_init)
    tcp_input                                0x080050c1   Thumb Code   836  tcp_in.o(i.tcp_input)
    tcp_keepalive                            0x0800541d   Thumb Code    82  tcp_out.o(i.tcp_keepalive)
    tcp_netif_ipv4_addr_changed              0x0800558d   Thumb Code    66  tcp.o(i.tcp_netif_ipv4_addr_changed)
    tcp_new                                  0x080055f7   Thumb Code     6  tcp.o(i.tcp_new)
    tcp_next_iss                             0x08005659   Thumb Code    12  tcp.o(i.tcp_next_iss)
    tcp_output                               0x08005669   Thumb Code   412  tcp_out.o(i.tcp_output)
    tcp_pcb_purge                            0x08005a0f   Thumb Code    58  tcp.o(i.tcp_pcb_purge)
    tcp_pcb_remove                           0x08005a49   Thumb Code    80  tcp.o(i.tcp_pcb_remove)
    tcp_poll                                 0x08005a99   Thumb Code    10  tcp.o(i.tcp_poll)
    tcp_process_refused_data                 0x08005e11   Thumb Code   104  tcp.o(i.tcp_process_refused_data)
    tcp_recv                                 0x08006291   Thumb Code     4  tcp.o(i.tcp_recv)
    tcp_recv_null                            0x08006295   Thumb Code    36  tcp.o(i.tcp_recv_null)
    tcp_recved                               0x080062b9   Thumb Code    68  tcp.o(i.tcp_recved)
    tcp_rexmit                               0x080062fd   Thumb Code    82  tcp_out.o(i.tcp_rexmit)
    tcp_rexmit_fast                          0x0800634f   Thumb Code    88  tcp_out.o(i.tcp_rexmit_fast)
    tcp_rexmit_rto                           0x080063a7   Thumb Code    56  tcp_out.o(i.tcp_rexmit_rto)
    tcp_rst                                  0x080063df   Thumb Code   128  tcp_out.o(i.tcp_rst)
    tcp_seg_free                             0x0800645f   Thumb Code    28  tcp.o(i.tcp_seg_free)
    tcp_segs_free                            0x0800647b   Thumb Code    18  tcp.o(i.tcp_segs_free)
    tcp_send_empty_ack                       0x0800648d   Thumb Code   114  tcp_out.o(i.tcp_send_empty_ack)
    tcp_send_fin                             0x080064ff   Thumb Code    68  tcp_out.o(i.tcp_send_fin)
    tcp_sent                                 0x08006543   Thumb Code     4  tcp.o(i.tcp_sent)
    tcp_slowtmr                              0x08006549   Thumb Code   600  tcp.o(i.tcp_slowtmr)
    tcp_timer_needed                         0x080067b1   Thumb Code    36  lwip_timers.o(i.tcp_timer_needed)
    tcp_tmr                                  0x0800684d   Thumb Code    28  tcp.o(i.tcp_tmr)
    tcp_trigger_input_pcb_close              0x0800686d   Thumb Code    12  tcp_in.o(i.tcp_trigger_input_pcb_close)
    tcp_update_rcv_ann_wnd                   0x0800687d   Thumb Code    52  tcp.o(i.tcp_update_rcv_ann_wnd)
    tcp_write                                0x080068b1   Thumb Code   760  tcp_out.o(i.tcp_write)
    tcp_zero_window_probe                    0x08006ba9   Thumb Code   162  tcp_out.o(i.tcp_zero_window_probe)
    udp_bind                                 0x08006c85   Thumb Code   170  udp.o(i.udp_bind)
    udp_init                                 0x08006d35   Thumb Code     2  udp.o(i.udp_init)
    udp_input                                0x08006d39   Thumb Code   306  udp.o(i.udp_input)
    udp_netif_ipv4_addr_changed              0x08006e75   Thumb Code    42  udp.o(i.udp_netif_ipv4_addr_changed)
    udp_sendto_if                            0x08006ea5   Thumb Code    44  udp.o(i.udp_sendto_if)
    udp_sendto_if_src                        0x08006ed1   Thumb Code   158  udp.o(i.udp_sendto_if_src)
    APBAHBPrescTable                         0x08006f6e   Data          16  stm32f4xx_hal_rcc.o(.constdata)
    memp_UDP_PCB                             0x08006f80   Data          16  memp.o(.constdata)
    memp_TCP_PCB                             0x08006f90   Data          16  memp.o(.constdata)
    memp_TCP_PCB_LISTEN                      0x08006fa0   Data          16  memp.o(.constdata)
    memp_TCP_SEG                             0x08006fb0   Data          16  memp.o(.constdata)
    memp_REASSDATA                           0x08006fc0   Data          16  memp.o(.constdata)
    memp_FRAG_PBUF                           0x08006fd0   Data          16  memp.o(.constdata)
    memp_SYS_TIMEOUT                         0x08006fe0   Data          16  memp.o(.constdata)
    memp_PBUF                                0x08006ff0   Data          16  memp.o(.constdata)
    memp_PBUF_POOL                           0x08007000   Data          16  memp.o(.constdata)
    tcp_persist_backoff                      0x08007010   Data           7  tcp.o(.constdata)
    tcp_state_str                            0x08007018   Data          44  tcp.o(.constdata)
    tcp_backoff                              0x08007044   Data          13  tcp.o(.constdata)
    tcp_pcb_lists                            0x08007054   Data          16  tcp.o(.constdata)
    ip_addr_any                              0x08007064   Data           4  ip4_addr.o(.constdata)
    ip_addr_broadcast                        0x08007068   Data           4  ip4_addr.o(.constdata)
    ethbroadcast                             0x0800706c   Data           6  etharp.o(.constdata)
    ethzero                                  0x08007072   Data           6  etharp.o(.constdata)
    Region$$Table$$Base                      0x08007150   Number         0  anon$$obj.o(Region$$Table)
    Region$$Table$$Limit                     0x08007170   Number         0  anon$$obj.o(Region$$Table)
    echoclient_pcb                           0x20000000   Data           4  tcp_echoclient.o(.data)
    uwTick                                   0x20000004   Data           4  stm32f4xx_hal.o(.data)
    SystemCoreClock                          0x20000008   Data           4  system_stm32f4xx.o(.data)
    memp_pools                               0x20000024   Data          36  memp.o(.data)
    netif_list                               0x20000070   Data           4  netif.o(.data)
    netif_default                            0x20000074   Data           4  netif.o(.data)
    tcp_active_pcbs_changed                  0x20000078   Data           1  tcp.o(.data)
    tcp_ticks                                0x20000084   Data           4  tcp.o(.data)
    tcp_bound_pcbs                           0x20000088   Data           4  tcp.o(.data)
    tcp_listen_pcbs                          0x2000008c   Data           4  tcp.o(.data)
    tcp_active_pcbs                          0x20000090   Data           4  tcp.o(.data)
    tcp_tw_pcbs                              0x20000094   Data           4  tcp.o(.data)
    tcp_input_pcb                            0x200000b4   Data           4  tcp_in.o(.data)
    udp_pcbs                                 0x200000bc   Data           4  udp.o(.data)
    __stdout                                 0x200000dc   Data           4  stdout.o(.data)
    mainRecvData                             0x200000e0   Data         104  main.o(.bss)
    gnetif                                   0x20000148   Data          56  main.o(.bss)
    DMARxDscrTab                             0x20000180   Data         128  ethernetif.o(.bss)
    DMATxDscrTab                             0x20000200   Data         128  ethernetif.o(.bss)
    Rx_Buff                                  0x20000280   Data        6096  ethernetif.o(.bss)
    Tx_Buff                                  0x20001a50   Data        6096  ethernetif.o(.bss)
    EthHandle                                0x20003220   Data          72  ethernetif.o(.bss)
    data                                     0x20003268   Data         100  tcp_echoclient.o(.bss)
    GPIO_Init_Struct                         0x200032cc   Data          20  nucleo_f429.o(.bss)
    TimHandle                                0x200032e0   Data          60  nucleo_f429.o(.bss)
    TIM_OCInit                               0x2000331c   Data          28  nucleo_f429.o(.bss)
    UartHandle                               0x20003338   Data          64  nucleo_f429.o(.bss)
    AdcHandler                               0x20003378   Data          72  nucleo_f429.o(.bss)
    Adc_sConfig                              0x200033c0   Data          16  nucleo_f429.o(.bss)
    DacHandler                               0x200033d0   Data          20  nucleo_f429.o(.bss)
    ram_heap                                 0x200033e4   Data       10260  mem.o(.bss)
    memp_memory_UDP_PCB_base                 0x20005bf8   Data         192  memp.o(.bss)
    memp_memory_TCP_PCB_base                 0x20005cb8   Data        1480  memp.o(.bss)
    memp_memory_TCP_PCB_LISTEN_base          0x20006280   Data         168  memp.o(.bss)
    memp_memory_TCP_SEG_base                 0x20006328   Data         240  memp.o(.bss)
    memp_memory_REASSDATA_base               0x20006418   Data         160  memp.o(.bss)
    memp_memory_FRAG_PBUF_base               0x200064b8   Data         360  memp.o(.bss)
    memp_memory_SYS_TIMEOUT_base             0x20006620   Data         160  memp.o(.bss)
    memp_memory_PBUF_base                    0x200066c0   Data         160  memp.o(.bss)
    memp_memory_PBUF_POOL_base               0x20006760   Data        6336  memp.o(.bss)
    ip_data                                  0x20008034   Data          24  ip4.o(.bss)
    __initial_sp                             0x20008540   Data           0  startup_stm32f429xx.o(STACK)



==============================================================================

Memory Map of the image

  Image Entry point : 0x080001ad

  Load Region LR_IROM1 (Base: 0x08000000, Size: 0x00007250, Max: 0x00200000, ABSOLUTE)

    Execution Region ER_IROM1 (Exec base: 0x08000000, Load base: 0x08000000, Size: 0x00007170, Max: 0x00200000, ABSOLUTE)

    Exec Addr    Load Addr    Size         Type   Attr      Idx    E Section Name        Object

    0x08000000   0x08000000   0x000001ac   Data   RO         9240    RESET               startup_stm32f429xx.o
    0x080001ac   0x080001ac   0x00000000   Code   RO        11189  * .ARM.Collect$$$$00000000  mc_w.l(entry.o)
    0x080001ac   0x080001ac   0x00000004   Code   RO        11480    .ARM.Collect$$$$00000001  mc_w.l(entry2.o)
    0x080001b0   0x080001b0   0x00000004   Code   RO        11483    .ARM.Collect$$$$00000004  mc_w.l(entry5.o)
    0x080001b4   0x080001b4   0x00000000   Code   RO        11485    .ARM.Collect$$$$00000008  mc_w.l(entry7b.o)
    0x080001b4   0x080001b4   0x00000000   Code   RO        11487    .ARM.Collect$$$$0000000A  mc_w.l(entry8b.o)
    0x080001b4   0x080001b4   0x00000008   Code   RO        11488    .ARM.Collect$$$$0000000B  mc_w.l(entry9a.o)
    0x080001bc   0x080001bc   0x00000000   Code   RO        11490    .ARM.Collect$$$$0000000D  mc_w.l(entry10a.o)
    0x080001bc   0x080001bc   0x00000000   Code   RO        11492    .ARM.Collect$$$$0000000F  mc_w.l(entry11a.o)
    0x080001bc   0x080001bc   0x00000004   Code   RO        11481    .ARM.Collect$$$$00002712  mc_w.l(entry2.o)
    0x080001c0   0x080001c0   0x00000024   Code   RO         9241    .text               startup_stm32f429xx.o
    0x080001e4   0x080001e4   0x00000024   Code   RO        11192    .text               mc_w.l(rand.o)
    0x08000208   0x08000208   0x00000024   Code   RO        11195    .text               mc_w.l(memcpya.o)
    0x0800022c   0x0800022c   0x00000024   Code   RO        11197    .text               mc_w.l(memseta.o)
    0x08000250   0x08000250   0x00000018   Code   RO        11199    .text               mc_w.l(strncpy.o)
    0x08000268   0x08000268   0x0000000e   Code   RO        11201    .text               mc_w.l(strlen.o)
    0x08000276   0x08000276   0x0000001c   Code   RO        11203    .text               mc_w.l(strcmp.o)
    0x08000292   0x08000292   0x0000001a   Code   RO        11205    .text               mc_w.l(memcmp.o)
    0x080002ac   0x080002ac   0x00000012   Code   RO        11207    .text               mc_w.l(strcpy.o)
    0x080002be   0x080002be   0x0000001e   Code   RO        11209    .text               mc_w.l(strncmp.o)
    0x080002dc   0x080002dc   0x00000044   Code   RO        11211    .text               mc_w.l(strtok.o)
    0x08000320   0x08000320   0x0000002c   Code   RO        11495    .text               mc_w.l(uidiv.o)
    0x0800034c   0x0800034c   0x00000024   Code   RO        11510    .text               mc_w.l(init.o)
    0x08000370   0x08000370   0x00000002   Code   RO          362    i.BusFault_Handler  stm32f4xx_it.o
    0x08000372   0x08000372   0x00000002   Code   RO          363    i.DebugMon_Handler  stm32f4xx_it.o
    0x08000374   0x08000374   0x00000020   Code   RO         1438    i.ETH_Delay         stm32f4xx_hal_eth.o
    0x08000394   0x08000394   0x0000002e   Code   RO         1439    i.ETH_FlushTransmitFIFO  stm32f4xx_hal_eth.o
    0x080003c2   0x080003c2   0x00000002   PAD
    0x080003c4   0x080003c4   0x00000124   Code   RO         1440    i.ETH_MACDMAConfig  stm32f4xx_hal_eth.o
    0x080004e8   0x080004e8   0x00000006   Code   RO          364    i.EXTI0_IRQHandler  stm32f4xx_it.o
    0x080004ee   0x080004ee   0x00000008   Code   RO          365    i.EXTI15_10_IRQHandler  stm32f4xx_it.o
    0x080004f6   0x080004f6   0x00000006   Code   RO          366    i.EXTI1_IRQHandler  stm32f4xx_it.o
    0x080004fc   0x080004fc   0x00000006   Code   RO          367    i.EXTI2_IRQHandler  stm32f4xx_it.o
    0x08000502   0x08000502   0x00000006   Code   RO          368    i.EXTI3_IRQHandler  stm32f4xx_it.o
    0x08000508   0x08000508   0x00000016   Code   RO         1057    i.HAL_Delay         stm32f4xx_hal.o
    0x0800051e   0x0800051e   0x00000074   Code   RO         1443    i.HAL_ETH_DMARxDescListInit  stm32f4xx_hal_eth.o
    0x08000592   0x08000592   0x00000078   Code   RO         1444    i.HAL_ETH_DMATxDescListInit  stm32f4xx_hal_eth.o
    0x0800060a   0x0800060a   0x0000007a   Code   RO         1447    i.HAL_ETH_GetReceivedFrame  stm32f4xx_hal_eth.o
    0x08000684   0x08000684   0x000001ec   Code   RO         1451    i.HAL_ETH_Init      stm32f4xx_hal_eth.o
    0x08000870   0x08000870   0x000000d4   Code   RO          471    i.HAL_ETH_MspInit   ethernetif.o
    0x08000944   0x08000944   0x00000084   Code   RO         1454    i.HAL_ETH_ReadPHYRegister  stm32f4xx_hal_eth.o
    0x080009c8   0x080009c8   0x00000084   Code   RO         1456    i.HAL_ETH_Start     stm32f4xx_hal_eth.o
    0x08000a4c   0x08000a4c   0x00000108   Code   RO         1458    i.HAL_ETH_TransmitFrame  stm32f4xx_hal_eth.o
    0x08000b54   0x08000b54   0x00000078   Code   RO         1460    i.HAL_ETH_WritePHYRegister  stm32f4xx_hal_eth.o
    0x08000bcc   0x08000bcc   0x00000020   Code   RO          827    i.HAL_GPIO_EXTI_Callback  tcp_echoclient.o
    0x08000bec   0x08000bec   0x00000018   Code   RO         1811    i.HAL_GPIO_EXTI_IRQHandler  stm32f4xx_hal_gpio.o
    0x08000c04   0x08000c04   0x000001cc   Code   RO         1812    i.HAL_GPIO_Init     stm32f4xx_hal_gpio.o
    0x08000dd0   0x08000dd0   0x0000000a   Code   RO         1814    i.HAL_GPIO_ReadPin  stm32f4xx_hal_gpio.o
    0x08000dda   0x08000dda   0x0000000a   Code   RO         1816    i.HAL_GPIO_WritePin  stm32f4xx_hal_gpio.o
    0x08000de4   0x08000de4   0x0000000c   Code   RO         1065    i.HAL_GetTick       stm32f4xx_hal.o
    0x08000df0   0x08000df0   0x00000010   Code   RO         1066    i.HAL_IncTick       stm32f4xx_hal.o
    0x08000e00   0x08000e00   0x00000034   Code   RO         1067    i.HAL_Init          stm32f4xx_hal.o
    0x08000e34   0x08000e34   0x00000028   Code   RO         1068    i.HAL_InitTick      stm32f4xx_hal.o
    0x08000e5c   0x08000e5c   0x00000002   Code   RO         5220    i.HAL_MspInit       stm32f4xx_hal_msp_template.o
    0x08000e5e   0x08000e5e   0x0000001a   Code   RO         1212    i.HAL_NVIC_EnableIRQ  stm32f4xx_hal_cortex.o
    0x08000e78   0x08000e78   0x00000040   Code   RO         1218    i.HAL_NVIC_SetPriority  stm32f4xx_hal_cortex.o
    0x08000eb8   0x08000eb8   0x00000024   Code   RO         1219    i.HAL_NVIC_SetPriorityGrouping  stm32f4xx_hal_cortex.o
    0x08000edc   0x08000edc   0x0000008c   Code   RO         2496    i.HAL_PWREx_EnableOverDrive  stm32f4xx_hal_pwr_ex.o
    0x08000f68   0x08000f68   0x0000017c   Code   RO         1996    i.HAL_RCC_ClockConfig  stm32f4xx_hal_rcc.o
    0x080010e4   0x080010e4   0x0000000c   Code   RO         2001    i.HAL_RCC_GetHCLKFreq  stm32f4xx_hal_rcc.o
    0x080010f0   0x080010f0   0x00000030   Code   RO         2003    i.HAL_RCC_GetPCLK1Freq  stm32f4xx_hal_rcc.o
    0x08001120   0x08001120   0x00000030   Code   RO         2004    i.HAL_RCC_GetPCLK2Freq  stm32f4xx_hal_rcc.o
    0x08001150   0x08001150   0x00000070   Code   RO         2005    i.HAL_RCC_GetSysClockFreq  stm32f4xx_hal_rcc.o
    0x080011c0   0x080011c0   0x000002e4   Code   RO         2008    i.HAL_RCC_OscConfig  stm32f4xx_hal_rcc.o
    0x080014a4   0x080014a4   0x00000028   Code   RO         1223    i.HAL_SYSTICK_Config  stm32f4xx_hal_cortex.o
    0x080014cc   0x080014cc   0x00000062   Code   RO         2236    i.HAL_UART_Init     stm32f4xx_hal_uart.o
    0x0800152e   0x0800152e   0x00000002   Code   RO         2238    i.HAL_UART_MspInit  stm32f4xx_hal_uart.o
    0x08001530   0x08001530   0x000000ba   Code   RO         2244    i.HAL_UART_Transmit  stm32f4xx_hal_uart.o
    0x080015ea   0x080015ea   0x00000002   Code   RO          369    i.HardFault_Handler  stm32f4xx_it.o
    0x080015ec   0x080015ec   0x00000064   Code   RO          941    i.LED_Config        nucleo_f429.o
    0x08001650   0x08001650   0x00000002   Code   RO          370    i.MemManage_Handler  stm32f4xx_it.o
    0x08001652   0x08001652   0x00000002   Code   RO          371    i.NMI_Handler       stm32f4xx_it.o
    0x08001654   0x08001654   0x00000002   Code   RO          372    i.PendSV_Handler    stm32f4xx_it.o
    0x08001656   0x08001656   0x00000002   Code   RO          373    i.SVC_Handler       stm32f4xx_it.o
    0x08001658   0x08001658   0x000000bc   Code   RO          943    i.SwEXTI_Config     nucleo_f429.o
    0x08001714   0x08001714   0x00000004   Code   RO          374    i.SysTick_Handler   stm32f4xx_it.o
    0x08001718   0x08001718   0x0000007c   Code   RO          945    i.SystemClock_Config  nucleo_f429.o
    0x08001794   0x08001794   0x00000054   Code   RO         9249    i.SystemInit        system_stm32f4xx.o
    0x080017e8   0x080017e8   0x0000009c   Code   RO          951    i.UART3_Config      nucleo_f429.o
    0x08001884   0x08001884   0x000002ac   Code   RO         2258    i.UART_SetConfig    stm32f4xx_hal_uart.o
    0x08001b30   0x08001b30   0x00000064   Code   RO         2260    i.UART_WaitOnFlagUntilTimeout  stm32f4xx_hal_uart.o
    0x08001b94   0x08001b94   0x00000002   Code   RO          375    i.UsageFault_Handler  stm32f4xx_it.o
    0x08001b96   0x08001b96   0x00000002   PAD
    0x08001b98   0x08001b98   0x0000003c   Code   RO            4    i.User_notification  main.o
    0x08001bd4   0x08001bd4   0x00000020   Code   RO        11308    i.__0printf$3       mc_w.l(printf3.o)
    0x08001bf4   0x08001bf4   0x00000028   Code   RO        11310    i.__0sprintf$3      mc_w.l(printf3.o)
    0x08001c1c   0x08001c1c   0x00000020   Code   RO         1225    i.__NVIC_SetPriority  stm32f4xx_hal_cortex.o
    0x08001c3c   0x08001c3c   0x0000000e   Code   RO        11522    i.__scatterload_copy  mc_w.l(handlers.o)
    0x08001c4a   0x08001c4a   0x00000002   Code   RO        11523    i.__scatterload_null  mc_w.l(handlers.o)
    0x08001c4c   0x08001c4c   0x0000000e   Code   RO        11524    i.__scatterload_zeroinit  mc_w.l(handlers.o)
    0x08001c5a   0x08001c5a   0x00000002   PAD
    0x08001c5c   0x08001c5c   0x000001b8   Code   RO        11315    i._printf_core      mc_w.l(printf3.o)
    0x08001e14   0x08001e14   0x0000000a   Code   RO        11317    i._sputc            mc_w.l(printf3.o)
    0x08001e1e   0x08001e1e   0x00000002   PAD
    0x08001e20   0x08001e20   0x0000001c   Code   RO         9699    i.arp_timer         lwip_timers.o
    0x08001e3c   0x08001e3c   0x0000001e   Code   RO        10708    i.dhcp_arp_reply    dhcp.o
    0x08001e5a   0x08001e5a   0x000000da   Code   RO        10709    i.dhcp_bind         dhcp.o
    0x08001f34   0x08001f34   0x00000034   Code   RO        10710    i.dhcp_check        dhcp.o
    0x08001f68   0x08001f68   0x000000b0   Code   RO        10712    i.dhcp_coarse_tmr   dhcp.o
    0x08002018   0x08002018   0x00000130   Code   RO        10713    i.dhcp_create_msg   dhcp.o
    0x08002148   0x08002148   0x00000084   Code   RO        10714    i.dhcp_decline      dhcp.o
    0x080021cc   0x080021cc   0x00000016   Code   RO        10715    i.dhcp_delete_msg   dhcp.o
    0x080021e2   0x080021e2   0x00000002   PAD
    0x080021e4   0x080021e4   0x000000c8   Code   RO        10716    i.dhcp_discover     dhcp.o
    0x080022ac   0x080022ac   0x00000034   Code   RO        10717    i.dhcp_fine_tmr     dhcp.o
    0x080022e0   0x080022e0   0x00000020   Code   RO        10721    i.dhcp_option       dhcp.o
    0x08002300   0x08002300   0x00000010   Code   RO        10722    i.dhcp_option_byte  dhcp.o
    0x08002310   0x08002310   0x00000042   Code   RO        10723    i.dhcp_option_long  dhcp.o
    0x08002352   0x08002352   0x00000022   Code   RO        10724    i.dhcp_option_short  dhcp.o
    0x08002374   0x08002374   0x0000002c   Code   RO        10725    i.dhcp_option_trailer  dhcp.o
    0x080023a0   0x080023a0   0x0000008c   Code   RO        10727    i.dhcp_rebind       dhcp.o
    0x0800242c   0x0800242c   0x000000a4   Code   RO        10728    i.dhcp_reboot       dhcp.o
    0x080024d0   0x080024d0   0x000000a4   Code   RO        10730    i.dhcp_release      dhcp.o
    0x08002574   0x08002574   0x00000088   Code   RO        10731    i.dhcp_renew        dhcp.o
    0x080025fc   0x080025fc   0x000000f4   Code   RO        10732    i.dhcp_select       dhcp.o
    0x080026f0   0x080026f0   0x00000010   Code   RO        10733    i.dhcp_set_state    dhcp.o
    0x08002700   0x08002700   0x00000018   Code   RO        10737    i.dhcp_supplied_address  dhcp.o
    0x08002718   0x08002718   0x00000066   Code   RO        10738    i.dhcp_timeout      dhcp.o
    0x0800277e   0x0800277e   0x00000002   PAD
    0x08002780   0x08002780   0x0000001c   Code   RO         9700    i.dhcp_timer_coarse  lwip_timers.o
    0x0800279c   0x0800279c   0x0000001c   Code   RO         9701    i.dhcp_timer_fine   lwip_timers.o
    0x080027b8   0x080027b8   0x0000000c   Code   RO         9839    i.do_memp_free_pool  memp.o
    0x080027c4   0x080027c4   0x000000ca   Code   RO        11078    i.etharp_arp_input  etharp.o
    0x0800288e   0x0800288e   0x00000002   PAD
    0x08002890   0x08002890   0x00000030   Code   RO        11079    i.etharp_cleanup_netif  etharp.o
    0x080028c0   0x080028c0   0x000000dc   Code   RO        11081    i.etharp_find_entry  etharp.o
    0x0800299c   0x0800299c   0x0000003c   Code   RO        11082    i.etharp_free_entry  etharp.o
    0x080029d8   0x080029d8   0x000000fc   Code   RO        11084    i.etharp_output     etharp.o
    0x08002ad4   0x08002ad4   0x0000005c   Code   RO        11085    i.etharp_output_to_arp_index  etharp.o
    0x08002b30   0x08002b30   0x000000ec   Code   RO        11086    i.etharp_query      etharp.o
    0x08002c1c   0x08002c1c   0x000000a0   Code   RO        11087    i.etharp_raw        etharp.o
    0x08002cbc   0x08002cbc   0x0000000c   Code   RO        11088    i.etharp_request    etharp.o
    0x08002cc8   0x08002cc8   0x00000020   Code   RO        11089    i.etharp_request_dst  etharp.o
    0x08002ce8   0x08002ce8   0x00000020   Code   RO        11090    i.etharp_send_ip    etharp.o
    0x08002d08   0x08002d08   0x00000060   Code   RO        11091    i.etharp_tmr        etharp.o
    0x08002d68   0x08002d68   0x00000080   Code   RO        11092    i.etharp_update_arp_entry  etharp.o
    0x08002de8   0x08002de8   0x00000094   Code   RO        11093    i.ethernet_input    etharp.o
    0x08002e7c   0x08002e7c   0x00000028   Code   RO          472    i.ethernetif_init   ethernetif.o
    0x08002ea4   0x08002ea4   0x00000022   Code   RO          473    i.ethernetif_input  ethernetif.o
    0x08002ec6   0x08002ec6   0x00000002   PAD
    0x08002ec8   0x08002ec8   0x00000018   Code   RO          952    i.fputc             nucleo_f429.o
    0x08002ee0   0x08002ee0   0x00000008   Code   RO        10884    i.icmp_dest_unreach  icmp.o
    0x08002ee8   0x08002ee8   0x000000ec   Code   RO        10885    i.icmp_input        icmp.o
    0x08002fd4   0x08002fd4   0x0000006c   Code   RO        10886    i.icmp_send_response  icmp.o
    0x08003040   0x08003040   0x00000008   Code   RO        10887    i.icmp_time_exceeded  icmp.o
    0x08003048   0x08003048   0x00000048   Code   RO         9567    i.inet_chksum_pbuf  inet_chksum.o
    0x08003090   0x08003090   0x0000002e   Code   RO        11024    i.ip4_addr_isbroadcast_u32  ip4_addr.o
    0x080030be   0x080030be   0x00000002   PAD
    0x080030c0   0x080030c0   0x00000158   Code   RO        10919    i.ip4_frag          ip_frag.o
    0x08003218   0x08003218   0x00000190   Code   RO        10975    i.ip4_input         ip4.o
    0x080033a8   0x080033a8   0x0000001e   Code   RO        10977    i.ip4_output_if     ip4.o
    0x080033c6   0x080033c6   0x00000002   PAD
    0x080033c8   0x080033c8   0x000000a8   Code   RO        10978    i.ip4_output_if_src  ip4.o
    0x08003470   0x08003470   0x00000190   Code   RO        10920    i.ip4_reass         ip_frag.o
    0x08003600   0x08003600   0x0000005c   Code   RO        10979    i.ip4_route         ip4.o
    0x0800365c   0x0800365c   0x00000008   Code   RO        10921    i.ip_frag_free_pbuf_custom_ref  ip_frag.o
    0x08003664   0x08003664   0x000000ec   Code   RO        10922    i.ip_reass_chain_frag_into_datagram_and_validate  ip_frag.o
    0x08003750   0x08003750   0x00000024   Code   RO        10923    i.ip_reass_dequeue_datagram  ip_frag.o
    0x08003774   0x08003774   0x00000070   Code   RO        10924    i.ip_reass_free_complete_datagram  ip_frag.o
    0x080037e4   0x080037e4   0x00000080   Code   RO        10925    i.ip_reass_remove_oldest_datagram  ip_frag.o
    0x08003864   0x08003864   0x0000001c   Code   RO         9702    i.ip_reass_timer    lwip_timers.o
    0x08003880   0x08003880   0x0000002c   Code   RO        10926    i.ip_reass_tmr      ip_frag.o
    0x080038ac   0x080038ac   0x00000016   Code   RO        10927    i.ipfrag_free_pbuf_custom  ip_frag.o
    0x080038c2   0x080038c2   0x00000002   PAD
    0x080038c4   0x080038c4   0x00000094   Code   RO          828    i.key_send          tcp_echoclient.o
    0x08003958   0x08003958   0x000000b0   Code   RO          477    i.low_level_init    ethernetif.o
    0x08003a08   0x08003a08   0x000000bc   Code   RO          478    i.low_level_input   ethernetif.o
    0x08003ac4   0x08003ac4   0x000000a8   Code   RO          479    i.low_level_output  ethernetif.o
    0x08003b6c   0x08003b6c   0x00000004   Code   RO         9530    i.lwip_htonl        def.o
    0x08003b70   0x08003b70   0x00000004   Code   RO         9531    i.lwip_htons        def.o
    0x08003b74   0x08003b74   0x0000001e   Code   RO         9640    i.lwip_init         init.o
    0x08003b92   0x08003b92   0x00000004   Code   RO         9532    i.lwip_ntohl        def.o
    0x08003b96   0x08003b96   0x00000004   Code   RO         9533    i.lwip_ntohs        def.o
    0x08003b9a   0x08003b9a   0x00000002   PAD
    0x08003b9c   0x08003b9c   0x00000058   Code   RO         9574    i.lwip_standard_chksum  inet_chksum.o
    0x08003bf4   0x08003bf4   0x00000284   Code   RO            5    i.main              main.o
    0x08003e78   0x08003e78   0x0000002c   Code   RO         9795    i.mem_free          mem.o
    0x08003ea4   0x08003ea4   0x00000034   Code   RO         9796    i.mem_init          mem.o
    0x08003ed8   0x08003ed8   0x000000a8   Code   RO         9797    i.mem_malloc        mem.o
    0x08003f80   0x08003f80   0x000000cc   Code   RO         9798    i.mem_trim          mem.o
    0x0800404c   0x0800404c   0x00000014   Code   RO         9840    i.memp_free         memp.o
    0x08004060   0x08004060   0x00000028   Code   RO         9842    i.memp_init         memp.o
    0x08004088   0x08004088   0x0000002a   Code   RO         9843    i.memp_init_pool    memp.o
    0x080040b2   0x080040b2   0x00000002   PAD
    0x080040b4   0x080040b4   0x00000018   Code   RO         9844    i.memp_malloc       memp.o
    0x080040cc   0x080040cc   0x0000000e   Code   RO         9845    i.memp_malloc_pool  memp.o
    0x080040da   0x080040da   0x00000002   PAD
    0x080040dc   0x080040dc   0x00000050   Code   RO          829    i.message_send_string  tcp_echoclient.o
    0x0800412c   0x0800412c   0x00000054   Code   RO         9949    i.netif_add         netif.o
    0x08004180   0x08004180   0x00000002   Code   RO         9951    i.netif_init        netif.o
    0x08004182   0x08004182   0x0000001a   Code   RO         9952    i.netif_issue_reports  netif.o
    0x0800419c   0x0800419c   0x00000020   Code   RO         9954    i.netif_set_addr    netif.o
    0x080041bc   0x080041bc   0x0000000c   Code   RO         9955    i.netif_set_default  netif.o
    0x080041c8   0x080041c8   0x0000001a   Code   RO         9956    i.netif_set_down    netif.o
    0x080041e2   0x080041e2   0x00000008   Code   RO         9957    i.netif_set_gw      netif.o
    0x080041ea   0x080041ea   0x00000002   PAD
    0x080041ec   0x080041ec   0x00000044   Code   RO         9958    i.netif_set_ipaddr  netif.o
    0x08004230   0x08004230   0x00000008   Code   RO         9962    i.netif_set_netmask  netif.o
    0x08004238   0x08004238   0x0000001c   Code   RO         9963    i.netif_set_up      netif.o
    0x08004254   0x08004254   0x00000114   Code   RO        10053    i.pbuf_alloc        pbuf.o
    0x08004368   0x08004368   0x00000052   Code   RO        10054    i.pbuf_alloced_custom  pbuf.o
    0x080043ba   0x080043ba   0x00000028   Code   RO        10055    i.pbuf_cat          pbuf.o
    0x080043e2   0x080043e2   0x00000012   Code   RO        10056    i.pbuf_chain        pbuf.o
    0x080043f4   0x080043f4   0x00000012   Code   RO        10057    i.pbuf_clen         pbuf.o
    0x08004406   0x08004406   0x0000009a   Code   RO        10059    i.pbuf_copy         pbuf.o
    0x080044a0   0x080044a0   0x00000068   Code   RO        10060    i.pbuf_copy_partial  pbuf.o
    0x08004508   0x08004508   0x00000050   Code   RO        10062    i.pbuf_free         pbuf.o
    0x08004558   0x08004558   0x00000006   Code   RO        10064    i.pbuf_header       pbuf.o
    0x0800455e   0x0800455e   0x00000006   Code   RO        10065    i.pbuf_header_force  pbuf.o
    0x08004564   0x08004564   0x00000064   Code   RO        10066    i.pbuf_header_impl  pbuf.o
    0x080045c8   0x080045c8   0x00000054   Code   RO        10070    i.pbuf_realloc      pbuf.o
    0x0800461c   0x0800461c   0x0000000c   Code   RO        10071    i.pbuf_ref          pbuf.o
    0x08004628   0x08004628   0x00000052   Code   RO        10074    i.pbuf_take         pbuf.o
    0x0800467a   0x0800467a   0x00000002   PAD
    0x0800467c   0x0800467c   0x00000054   Code   RO         9799    i.plug_holes        mem.o
    0x080046d0   0x080046d0   0x00000048   Code   RO         9703    i.sys_check_timeouts  lwip_timers.o
    0x08004718   0x08004718   0x00000004   Code   RO          480    i.sys_now           ethernetif.o
    0x0800471c   0x0800471c   0x00000084   Code   RO         9705    i.sys_timeout       lwip_timers.o
    0x080047a0   0x080047a0   0x00000050   Code   RO         9706    i.sys_timeouts_init  lwip_timers.o
    0x080047f0   0x080047f0   0x000000cc   Code   RO        10212    i.tcp_abandon       tcp.o
    0x080048bc   0x080048bc   0x00000006   Code   RO        10213    i.tcp_abort         tcp.o
    0x080048c2   0x080048c2   0x00000002   PAD
    0x080048c4   0x080048c4   0x0000011c   Code   RO        10216    i.tcp_alloc         tcp.o
    0x080049e0   0x080049e0   0x00000004   Code   RO        10217    i.tcp_arg           tcp.o
    0x080049e4   0x080049e4   0x00000014   Code   RO        10219    i.tcp_close         tcp.o
    0x080049f8   0x080049f8   0x00000140   Code   RO        10220    i.tcp_close_shutdown  tcp.o
    0x08004b38   0x08004b38   0x000000e8   Code   RO        10221    i.tcp_connect       tcp.o
    0x08004c20   0x08004c20   0x0000009c   Code   RO        10506    i.tcp_create_segment  tcp_out.o
    0x08004cbc   0x08004cbc   0x00000058   Code   RO          830    i.tcp_echoclient_connect  tcp_echoclient.o
    0x08004d14   0x08004d14   0x000000b4   Code   RO          831    i.tcp_echoclient_connected  tcp_echoclient.o
    0x08004dc8   0x08004dc8   0x00000030   Code   RO          832    i.tcp_echoclient_connection_close  tcp_echoclient.o
    0x08004df8   0x08004df8   0x00000030   Code   RO          833    i.tcp_echoclient_poll  tcp_echoclient.o
    0x08004e28   0x08004e28   0x000000ec   Code   RO          834    i.tcp_echoclient_recv  tcp_echoclient.o
    0x08004f14   0x08004f14   0x0000003e   Code   RO          835    i.tcp_echoclient_send  tcp_echoclient.o
    0x08004f52   0x08004f52   0x00000014   Code   RO          836    i.tcp_echoclient_sent  tcp_echoclient.o
    0x08004f66   0x08004f66   0x00000022   Code   RO        10223    i.tcp_eff_send_mss_impl  tcp.o
    0x08004f88   0x08004f88   0x000000a2   Code   RO        10507    i.tcp_enqueue_flags  tcp_out.o
    0x0800502a   0x0800502a   0x00000002   PAD
    0x0800502c   0x0800502c   0x00000060   Code   RO        10225    i.tcp_fasttmr       tcp.o
    0x0800508c   0x0800508c   0x00000030   Code   RO        10447    i.tcp_getoptbyte    tcp_in.o
    0x080050bc   0x080050bc   0x00000002   Code   RO        10226    i.tcp_init          tcp.o
    0x080050be   0x080050be   0x00000002   PAD
    0x080050c0   0x080050c0   0x0000035c   Code   RO        10448    i.tcp_input         tcp_in.o
    0x0800541c   0x0800541c   0x00000052   Code   RO        10508    i.tcp_keepalive     tcp_out.o
    0x0800546e   0x0800546e   0x00000002   PAD
    0x08005470   0x08005470   0x0000003c   Code   RO        10227    i.tcp_kill_state    tcp.o
    0x080054ac   0x080054ac   0x000000e0   Code   RO        10449    i.tcp_listen_input  tcp_in.o
    0x0800558c   0x0800558c   0x00000048   Code   RO        10229    i.tcp_netif_ipv4_addr_changed  tcp.o
    0x080055d4   0x080055d4   0x00000022   Code   RO        10230    i.tcp_netif_ipv4_addr_changed_pcblist  tcp.o
    0x080055f6   0x080055f6   0x00000006   Code   RO        10231    i.tcp_new           tcp.o
    0x080055fc   0x080055fc   0x0000005c   Code   RO        10232    i.tcp_new_port      tcp.o
    0x08005658   0x08005658   0x00000010   Code   RO        10233    i.tcp_next_iss      tcp.o
    0x08005668   0x08005668   0x000001a0   Code   RO        10509    i.tcp_output        tcp_out.o
    0x08005808   0x08005808   0x0000006a   Code   RO        10510    i.tcp_output_alloc_header  tcp_out.o
    0x08005872   0x08005872   0x00000002   PAD
    0x08005874   0x08005874   0x000000bc   Code   RO        10511    i.tcp_output_segment  tcp_out.o
    0x08005930   0x08005930   0x00000090   Code   RO        10450    i.tcp_parseopt      tcp_in.o
    0x080059c0   0x080059c0   0x0000004e   Code   RO        10512    i.tcp_pbuf_prealloc  tcp_out.o
    0x08005a0e   0x08005a0e   0x0000003a   Code   RO        10234    i.tcp_pcb_purge     tcp.o
    0x08005a48   0x08005a48   0x00000050   Code   RO        10235    i.tcp_pcb_remove    tcp.o
    0x08005a98   0x08005a98   0x0000000a   Code   RO        10236    i.tcp_poll          tcp.o
    0x08005aa2   0x08005aa2   0x00000002   PAD
    0x08005aa4   0x08005aa4   0x0000036c   Code   RO        10451    i.tcp_process       tcp_in.o
    0x08005e10   0x08005e10   0x00000068   Code   RO        10237    i.tcp_process_refused_data  tcp.o
    0x08005e78   0x08005e78   0x00000418   Code   RO        10452    i.tcp_receive       tcp_in.o
    0x08006290   0x08006290   0x00000004   Code   RO        10238    i.tcp_recv          tcp.o
    0x08006294   0x08006294   0x00000024   Code   RO        10239    i.tcp_recv_null     tcp.o
    0x080062b8   0x080062b8   0x00000044   Code   RO        10240    i.tcp_recved        tcp.o
    0x080062fc   0x080062fc   0x00000052   Code   RO        10513    i.tcp_rexmit        tcp_out.o
    0x0800634e   0x0800634e   0x00000058   Code   RO        10514    i.tcp_rexmit_fast   tcp_out.o
    0x080063a6   0x080063a6   0x00000038   Code   RO        10515    i.tcp_rexmit_rto    tcp_out.o
    0x080063de   0x080063de   0x00000080   Code   RO        10516    i.tcp_rst           tcp_out.o
    0x0800645e   0x0800645e   0x0000001c   Code   RO        10241    i.tcp_seg_free      tcp.o
    0x0800647a   0x0800647a   0x00000012   Code   RO        10242    i.tcp_segs_free     tcp.o
    0x0800648c   0x0800648c   0x00000072   Code   RO        10517    i.tcp_send_empty_ack  tcp_out.o
    0x080064fe   0x080064fe   0x00000044   Code   RO        10518    i.tcp_send_fin      tcp_out.o
    0x08006542   0x08006542   0x00000004   Code   RO        10243    i.tcp_sent          tcp.o
    0x08006546   0x08006546   0x00000002   PAD
    0x08006548   0x08006548   0x00000268   Code   RO        10246    i.tcp_slowtmr       tcp.o
    0x080067b0   0x080067b0   0x00000034   Code   RO         9709    i.tcp_timer_needed  lwip_timers.o
    0x080067e4   0x080067e4   0x00000068   Code   RO        10453    i.tcp_timewait_input  tcp_in.o
    0x0800684c   0x0800684c   0x00000020   Code   RO        10247    i.tcp_tmr           tcp.o
    0x0800686c   0x0800686c   0x00000010   Code   RO        10454    i.tcp_trigger_input_pcb_close  tcp_in.o
    0x0800687c   0x0800687c   0x00000034   Code   RO        10249    i.tcp_update_rcv_ann_wnd  tcp.o
    0x080068b0   0x080068b0   0x000002f8   Code   RO        10519    i.tcp_write         tcp_out.o
    0x08006ba8   0x08006ba8   0x000000a2   Code   RO        10520    i.tcp_zero_window_probe  tcp_out.o
    0x08006c4a   0x08006c4a   0x00000002   PAD
    0x08006c4c   0x08006c4c   0x00000038   Code   RO         9710    i.tcpip_tcp_timer   lwip_timers.o
    0x08006c84   0x08006c84   0x000000b0   Code   RO        10598    i.udp_bind          udp.o
    0x08006d34   0x08006d34   0x00000002   Code   RO        10601    i.udp_init          udp.o
    0x08006d36   0x08006d36   0x00000002   PAD
    0x08006d38   0x08006d38   0x0000013c   Code   RO        10602    i.udp_input         udp.o
    0x08006e74   0x08006e74   0x00000030   Code   RO        10603    i.udp_netif_ipv4_addr_changed  udp.o
    0x08006ea4   0x08006ea4   0x0000002c   Code   RO        10609    i.udp_sendto_if     udp.o
    0x08006ed0   0x08006ed0   0x0000009e   Code   RO        10610    i.udp_sendto_if_src  udp.o
    0x08006f6e   0x08006f6e   0x00000010   Data   RO         2009    .constdata          stm32f4xx_hal_rcc.o
    0x08006f7e   0x08006f7e   0x00000002   PAD
    0x08006f80   0x08006f80   0x00000010   Data   RO         9855    .constdata          memp.o
    0x08006f90   0x08006f90   0x00000010   Data   RO         9856    .constdata          memp.o
    0x08006fa0   0x08006fa0   0x00000010   Data   RO         9857    .constdata          memp.o
    0x08006fb0   0x08006fb0   0x00000010   Data   RO         9858    .constdata          memp.o
    0x08006fc0   0x08006fc0   0x00000010   Data   RO         9859    .constdata          memp.o
    0x08006fd0   0x08006fd0   0x00000010   Data   RO         9860    .constdata          memp.o
    0x08006fe0   0x08006fe0   0x00000010   Data   RO         9861    .constdata          memp.o
    0x08006ff0   0x08006ff0   0x00000010   Data   RO         9862    .constdata          memp.o
    0x08007000   0x08007000   0x00000010   Data   RO         9863    .constdata          memp.o
    0x08007010   0x08007010   0x00000054   Data   RO        10250    .constdata          tcp.o
    0x08007064   0x08007064   0x00000004   Data   RO        11031    .constdata          ip4_addr.o
    0x08007068   0x08007068   0x00000004   Data   RO        11032    .constdata          ip4_addr.o
    0x0800706c   0x0800706c   0x0000000c   Data   RO        11095    .constdata          etharp.o
    0x08007078   0x08007078   0x00000008   Data   RO         9864    .conststring        memp.o
    0x08007080   0x08007080   0x00000008   Data   RO         9865    .conststring        memp.o
    0x08007088   0x08007088   0x0000000f   Data   RO         9866    .conststring        memp.o
    0x08007097   0x08007097   0x00000001   PAD
    0x08007098   0x08007098   0x00000008   Data   RO         9867    .conststring        memp.o
    0x080070a0   0x080070a0   0x0000000a   Data   RO         9868    .conststring        memp.o
    0x080070aa   0x080070aa   0x00000002   PAD
    0x080070ac   0x080070ac   0x0000000a   Data   RO         9869    .conststring        memp.o
    0x080070b6   0x080070b6   0x00000002   PAD
    0x080070b8   0x080070b8   0x0000000c   Data   RO         9870    .conststring        memp.o
    0x080070c4   0x080070c4   0x0000000d   Data   RO         9871    .conststring        memp.o
    0x080070d1   0x080070d1   0x00000003   PAD
    0x080070d4   0x080070d4   0x0000000a   Data   RO         9872    .conststring        memp.o
    0x080070de   0x080070de   0x00000002   PAD
    0x080070e0   0x080070e0   0x0000006d   Data   RO        10251    .conststring        tcp.o
    0x0800714d   0x0800714d   0x00000003   PAD
    0x08007150   0x08007150   0x00000020   Data   RO        11520    Region$$Table       anon$$obj.o


    Execution Region RW_IRAM1 (Exec base: 0x20000000, Load base: 0x08007170, Size: 0x00008540, Max: 0x00030000, ABSOLUTE)

    Exec Addr    Load Addr    Size         Type   Attr      Idx    E Section Name        Object

    0x20000000   0x08007170   0x00000004   Data   RW          838    .data               tcp_echoclient.o
    0x20000004   0x08007174   0x00000004   Data   RW         1073    .data               stm32f4xx_hal.o
    0x20000008   0x08007178   0x00000004   Data   RW         9251    .data               system_stm32f4xx.o
    0x2000000c   0x0800717c   0x0000000c   Data   RW         9711    .data               lwip_timers.o
    0x20000018   0x08007188   0x0000000c   Data   RW         9801    .data               mem.o
    0x20000024   0x08007194   0x00000024   Data   RW         9873    .data               memp.o
    0x20000048   0x080071b8   0x00000004   Data   RW         9874    .data               memp.o
    0x2000004c   0x080071bc   0x00000004   Data   RW         9875    .data               memp.o
    0x20000050   0x080071c0   0x00000004   Data   RW         9876    .data               memp.o
    0x20000054   0x080071c4   0x00000004   Data   RW         9877    .data               memp.o
    0x20000058   0x080071c8   0x00000004   Data   RW         9878    .data               memp.o
    0x2000005c   0x080071cc   0x00000004   Data   RW         9879    .data               memp.o
    0x20000060   0x080071d0   0x00000004   Data   RW         9880    .data               memp.o
    0x20000064   0x080071d4   0x00000004   Data   RW         9881    .data               memp.o
    0x20000068   0x080071d8   0x00000004   Data   RW         9882    .data               memp.o
    0x2000006c   0x080071dc   0x0000000c   Data   RW         9964    .data               netif.o
    0x20000078   0x080071e8   0x00000020   Data   RW        10252    .data               tcp.o
    0x20000098   0x08007208   0x00000020   Data   RW        10456    .data               tcp_in.o
    0x200000b8   0x08007228   0x00000008   Data   RW        10611    .data               udp.o
    0x200000c0   0x08007230   0x00000008   Data   RW        10740    .data               dhcp.o
    0x200000c8   0x08007238   0x00000008   Data   RW        10928    .data               ip_frag.o
    0x200000d0   0x08007240   0x00000002   Data   RW        10982    .data               ip4.o
    0x200000d2   0x08007242   0x00000001   Data   RW        11096    .data               etharp.o
    0x200000d3   0x08007243   0x00000001   PAD
    0x200000d4   0x08007244   0x00000004   Data   RW        11193    .data               mc_w.l(rand.o)
    0x200000d8   0x08007248   0x00000004   Data   RW        11212    .data               mc_w.l(strtok.o)
    0x200000dc   0x0800724c   0x00000004   Data   RW        11494    .data               mc_w.l(stdout.o)
    0x200000e0        -       0x000000a0   Zero   RW            6    .bss                main.o
    0x20000180        -       0x000030e8   Zero   RW          481    .bss                ethernetif.o
    0x20003268        -       0x00000064   Zero   RW          837    .bss                tcp_echoclient.o
    0x200032cc        -       0x00000118   Zero   RW          953    .bss                nucleo_f429.o
    0x200033e4        -       0x00002814   Zero   RW         9800    .bss                mem.o
    0x20005bf8        -       0x000000c0   Zero   RW         9846    .bss                memp.o
    0x20005cb8        -       0x000005c8   Zero   RW         9847    .bss                memp.o
    0x20006280        -       0x000000a8   Zero   RW         9848    .bss                memp.o
    0x20006328        -       0x000000f0   Zero   RW         9849    .bss                memp.o
    0x20006418        -       0x000000a0   Zero   RW         9850    .bss                memp.o
    0x200064b8        -       0x00000168   Zero   RW         9851    .bss                memp.o
    0x20006620        -       0x000000a0   Zero   RW         9852    .bss                memp.o
    0x200066c0        -       0x000000a0   Zero   RW         9853    .bss                memp.o
    0x20006760        -       0x000018c0   Zero   RW         9854    .bss                memp.o
    0x20008020        -       0x00000014   Zero   RW        10455    .bss                tcp_in.o
    0x20008034        -       0x00000018   Zero   RW        10981    .bss                ip4.o
    0x2000804c        -       0x000000f0   Zero   RW        11094    .bss                etharp.o
    0x2000813c   0x08007250   0x00000004   PAD
    0x20008140        -       0x00000400   Zero   RW         9238    STACK               startup_stm32f429xx.o


==============================================================================

Image component sizes


      Code (inc. data)   RO Data    RW Data    ZI Data      Debug   Object Name

        16          0          0          0          0       3060   def.o
      2368         70          0          8          0      20201   dhcp.o
      1718         74         12          1        240      17148   etharp.o
       822         70          0          0      12520     375630   ethernetif.o
       360          4          0          0          0       4134   icmp.o
       160          0          0          0          0       9851   inet_chksum.o
        30          0          0          0          0      12766   init.o
       690         26          0          2         24       8894   ip4.o
        46          0          8          0          0       6662   ip4_addr.o
      1330         36          0          8          0      10802   ip_frag.o
       504         88          0         12          0      12993   lwip_timers.o
       704        182          0          0        160     379584   main.o
       552         30          0         12      10260       5825   mem.o
       152         16        238         72       9256      10681   memp.o
       294         16          0         12          0      10343   netif.o
       592         74          0          0        280       4354   nucleo_f429.o
      1062         12          0          0          0      13665   pbuf.o
        36          8        428          0       1024        872   startup_stm32f429xx.o
       142         22          0          4          0       4803   stm32f4xx_hal.o
       198         14          0          0          0      34575   stm32f4xx_hal_cortex.o
      1868         72          0          0          0      12299   stm32f4xx_hal_eth.o
       504         58          0          0          0       4266   stm32f4xx_hal_gpio.o
         2          0          0          0          0        618   stm32f4xx_hal_msp_template.o
       140         14          0          0          0       1472   stm32f4xx_hal_pwr_ex.o
      1340         76         16          0          0       6603   stm32f4xx_hal_rcc.o
      1070          8          0          0          0       5231   stm32f4xx_hal_uart.o
        52          0          0          0          0       8477   stm32f4xx_it.o
        84         18          0          4          0       1317   system_stm32f4xx.o
      2592         94        193         32          0      36007   tcp.o
       942        198          0          4        100       8560   tcp_echoclient.o
      3320        112          0         32         20      20343   tcp_in.o
      2646          8          0          0          0      18171   tcp_out.o
       744         22          0          8          0      14195   udp.o

    ----------------------------------------------------------------------
     27126       1422        942        212      33888    1084402   Object Totals
         0          0         32          0          0          0   (incl. Generated)
        46          0         15          1          4          0   (incl. Padding)

    ----------------------------------------------------------------------

      Code (inc. data)   RO Data    RW Data    ZI Data      Debug   Library Member Name

         0          0          0          0          0          0   entry.o
         0          0          0          0          0          0   entry10a.o
         0          0          0          0          0          0   entry11a.o
         8          4          0          0          0          0   entry2.o
         4          0          0          0          0          0   entry5.o
         0          0          0          0          0          0   entry7b.o
         0          0          0          0          0          0   entry8b.o
         8          4          0          0          0          0   entry9a.o
        30          0          0          0          0          0   handlers.o
        36          8          0          0          0         68   init.o
        26          0          0          0          0         80   memcmp.o
        36          0          0          0          0         68   memcpya.o
        36          0          0          0          0        108   memseta.o
       522         20          0          0          0        336   printf3.o
        36         10          0          4          0        136   rand.o
         0          0          0          4          0          0   stdout.o
        28          0          0          0          0         76   strcmp.o
        18          0          0          0          0         68   strcpy.o
        14          0          0          0          0         68   strlen.o
        30          0          0          0          0         80   strncmp.o
        24          0          0          0          0         76   strncpy.o
        68          6          0          4          0         80   strtok.o
        44          0          0          0          0         80   uidiv.o

    ----------------------------------------------------------------------
       972         52          0         12          0       1324   Library Totals
         4          0          0          0          0          0   (incl. Padding)

    ----------------------------------------------------------------------

      Code (inc. data)   RO Data    RW Data    ZI Data      Debug   Library Name

       968         52          0         12          0       1324   mc_w.l

    ----------------------------------------------------------------------
       972         52          0         12          0       1324   Library Totals

    ----------------------------------------------------------------------

==============================================================================


      Code (inc. data)   RO Data    RW Data    ZI Data      Debug   

     28098       1474        942        224      33888    1062106   Grand Totals
     28098       1474        942        224      33888    1062106   ELF Image Totals
     28098       1474        942        224          0          0   ROM Totals

==============================================================================

    Total RO  Size (Code + RO Data)                29040 (  28.36kB)
    Total RW  Size (RW Data + ZI Data)             34112 (  33.31kB)
    Total ROM Size (Code + RO Data + RW Data)      29264 (  28.58kB)

==============================================================================

